
===========================================================================
report_checks -unconstrained
============================================================================
Startpoint: _91746_ (rising edge-triggered flip-flop clocked by clk)
Endpoint: _91994_ (rising edge-triggered flip-flop clocked by clk)
Path Group: clk
Path Type: max

Fanout     Cap    Slew   Delay    Time   Description
-----------------------------------------------------------------------------
                  0.15    0.00    0.00   clock clk (rise edge)
                          0.00    0.00   clock network delay (ideal)
                  0.15    0.00    0.00 ^ _91746_/CLK (sky130_fd_sc_hd__dfxtp_2)
                  0.21    0.50    0.50 ^ _91746_/Q (sky130_fd_sc_hd__dfxtp_2)
     8    0.04                           _00026_ (net)
                  0.21    0.00    0.50 ^ _43362_/A (sky130_fd_sc_hd__buf_1)
                  0.64    0.55    1.05 ^ _43362_/X (sky130_fd_sc_hd__buf_1)
    10    0.06                           _09780_ (net)
                  0.64    0.00    1.05 ^ _43363_/A (sky130_fd_sc_hd__buf_1)
                  0.64    0.58    1.63 ^ _43363_/X (sky130_fd_sc_hd__buf_1)
    10    0.06                           _09781_ (net)
                  0.64    0.00    1.64 ^ _43364_/A (sky130_fd_sc_hd__buf_1)
                  0.60    0.55    2.19 ^ _43364_/X (sky130_fd_sc_hd__buf_1)
    10    0.05                           _09782_ (net)
                  0.60    0.00    2.19 ^ _43365_/A (sky130_fd_sc_hd__buf_1)
                  0.56    0.52    2.71 ^ _43365_/X (sky130_fd_sc_hd__buf_1)
    10    0.05                           _09783_ (net)
                  0.56    0.00    2.71 ^ _43366_/A (sky130_fd_sc_hd__buf_1)
                  0.64    0.58    3.29 ^ _43366_/X (sky130_fd_sc_hd__buf_1)
    10    0.06                           _09784_ (net)
                  0.64    0.00    3.29 ^ _43367_/A (sky130_fd_sc_hd__buf_1)
                  0.64    0.58    3.87 ^ _43367_/X (sky130_fd_sc_hd__buf_1)
    10    0.06                           _09785_ (net)
                  0.64    0.00    3.88 ^ _43368_/A (sky130_fd_sc_hd__buf_1)
                  0.64    0.58    4.46 ^ _43368_/X (sky130_fd_sc_hd__buf_1)
    10    0.06                           _09786_ (net)
                  0.64    0.00    4.46 ^ _43369_/A (sky130_fd_sc_hd__buf_1)
                  0.64    0.58    5.04 ^ _43369_/X (sky130_fd_sc_hd__buf_1)
    10    0.06                           _09787_ (net)
                  0.64    0.00    5.04 ^ _43370_/A (sky130_fd_sc_hd__buf_1)
                  0.64    0.58    5.62 ^ _43370_/X (sky130_fd_sc_hd__buf_1)
    10    0.06                           _09788_ (net)
                  0.64    0.00    5.63 ^ _43371_/A (sky130_fd_sc_hd__buf_1)
                  0.64    0.58    6.21 ^ _43371_/X (sky130_fd_sc_hd__buf_1)
    10    0.06                           _09789_ (net)
                  0.64    0.01    6.21 ^ _73537_/S0 (sky130_fd_sc_hd__mux4_2)
                  0.13    0.66    6.87 v _73537_/X (sky130_fd_sc_hd__mux4_2)
     6    0.02                           _33033_ (net)
                  0.13    0.00    6.88 v _77537_/B1 (sky130_fd_sc_hd__a31o_2)
                  0.08    0.28    7.16 v _77537_/X (sky130_fd_sc_hd__a31o_2)
     3    0.02                           _37013_ (net)
                  0.08    0.01    7.17 v _77538_/B (sky130_fd_sc_hd__xor2_2)
                  0.07    0.16    7.32 v _77538_/X (sky130_fd_sc_hd__xor2_2)
     2    0.01                           _37014_ (net)
                  0.07    0.00    7.33 v _77539_/B (sky130_fd_sc_hd__and2_2)
                  0.05    0.21    7.54 v _77539_/X (sky130_fd_sc_hd__and2_2)
     3    0.01                           _37015_ (net)
                  0.05    0.00    7.54 v _77541_/A (sky130_fd_sc_hd__or2_2)
                  0.09    0.35    7.89 v _77541_/X (sky130_fd_sc_hd__or2_2)
     3    0.02                           _37017_ (net)
                  0.09    0.00    7.89 v _77634_/A (sky130_fd_sc_hd__or4bb_2)
                  0.11    0.67    8.56 v _77634_/X (sky130_fd_sc_hd__or4bb_2)
     2    0.01                           _37106_ (net)
                  0.11    0.00    8.56 v _77635_/D (sky130_fd_sc_hd__or4_2)
                  0.12    0.58    9.14 v _77635_/X (sky130_fd_sc_hd__or4_2)
     2    0.01                           _37107_ (net)
                  0.12    0.00    9.15 v _77880_/A2 (sky130_fd_sc_hd__o31a_2)
                  0.09    0.39    9.54 v _77880_/X (sky130_fd_sc_hd__o31a_2)
     6    0.02                           _37344_ (net)
                  0.09    0.00    9.54 v _78295_/A (sky130_fd_sc_hd__or4_2)
                  0.13    0.73   10.27 v _78295_/X (sky130_fd_sc_hd__or4_2)
     3    0.01                           _37743_ (net)
                  0.13    0.00   10.27 v _78416_/A1 (sky130_fd_sc_hd__a21o_2)
                  0.06    0.24   10.51 v _78416_/X (sky130_fd_sc_hd__a21o_2)
     3    0.01                           _37860_ (net)
                  0.06    0.00   10.52 v _78525_/A1 (sky130_fd_sc_hd__o21ba_2)
                  0.06    0.24   10.76 v _78525_/X (sky130_fd_sc_hd__o21ba_2)
     3    0.01                           _37965_ (net)
                  0.06    0.00   10.76 v _78625_/A1 (sky130_fd_sc_hd__o32a_2)
                  0.06    0.38   11.14 v _78625_/X (sky130_fd_sc_hd__o32a_2)
     2    0.01                           _38061_ (net)
                  0.06    0.00   11.15 v _78627_/A2 (sky130_fd_sc_hd__a21o_2)
                  0.07    0.25   11.40 v _78627_/X (sky130_fd_sc_hd__a21o_2)
     5    0.02                           _38063_ (net)
                  0.07    0.00   11.40 v _78672_/A2 (sky130_fd_sc_hd__a311o_2)
                  0.08    0.40   11.80 v _78672_/X (sky130_fd_sc_hd__a311o_2)
     3    0.01                           _38106_ (net)
                  0.08    0.00   11.81 v _78675_/A2 (sky130_fd_sc_hd__a31o_2)
                  0.04    0.23   12.04 v _78675_/X (sky130_fd_sc_hd__a31o_2)
     1    0.00                           _38109_ (net)
                  0.04    0.00   12.04 v _78690_/B (sky130_fd_sc_hd__and3_2)
                  0.04    0.18   12.23 v _78690_/X (sky130_fd_sc_hd__and3_2)
     1    0.00                           _38124_ (net)
                  0.04    0.00   12.23 v _78691_/A (sky130_fd_sc_hd__buf_1)
                  0.03    0.08   12.32 v _78691_/X (sky130_fd_sc_hd__buf_1)
     1    0.00                           _06831_ (net)
                  0.03    0.00   12.32 v _91994_/D (sky130_fd_sc_hd__dfxtp_2)
                                 12.32   data arrival time

                  0.15   12.50   12.50   clock clk (rise edge)
                          0.00   12.50   clock network delay (ideal)
                         -0.25   12.25   clock uncertainty
                          0.00   12.25   clock reconvergence pessimism
                                 12.25 ^ _91994_/CLK (sky130_fd_sc_hd__dfxtp_2)
                         -0.07   12.18   library setup time
                                 12.18   data required time
-----------------------------------------------------------------------------
                                 12.18   data required time
                                -12.32   data arrival time
-----------------------------------------------------------------------------
                                 -0.14   slack (VIOLATED)



===========================================================================
report_checks --slack_max -0.01
============================================================================
Startpoint: _91746_ (rising edge-triggered flip-flop clocked by clk)
Endpoint: _91994_ (rising edge-triggered flip-flop clocked by clk)
Path Group: clk
Path Type: max

Fanout     Cap    Slew   Delay    Time   Description
-----------------------------------------------------------------------------
                  0.15    0.00    0.00   clock clk (rise edge)
                          0.00    0.00   clock network delay (ideal)
                  0.15    0.00    0.00 ^ _91746_/CLK (sky130_fd_sc_hd__dfxtp_2)
                  0.21    0.50    0.50 ^ _91746_/Q (sky130_fd_sc_hd__dfxtp_2)
     8    0.04                           _00026_ (net)
                  0.21    0.00    0.50 ^ _43362_/A (sky130_fd_sc_hd__buf_1)
                  0.64    0.55    1.05 ^ _43362_/X (sky130_fd_sc_hd__buf_1)
    10    0.06                           _09780_ (net)
                  0.64    0.00    1.05 ^ _43363_/A (sky130_fd_sc_hd__buf_1)
                  0.64    0.58    1.63 ^ _43363_/X (sky130_fd_sc_hd__buf_1)
    10    0.06                           _09781_ (net)
                  0.64    0.00    1.64 ^ _43364_/A (sky130_fd_sc_hd__buf_1)
                  0.60    0.55    2.19 ^ _43364_/X (sky130_fd_sc_hd__buf_1)
    10    0.05                           _09782_ (net)
                  0.60    0.00    2.19 ^ _43365_/A (sky130_fd_sc_hd__buf_1)
                  0.56    0.52    2.71 ^ _43365_/X (sky130_fd_sc_hd__buf_1)
    10    0.05                           _09783_ (net)
                  0.56    0.00    2.71 ^ _43366_/A (sky130_fd_sc_hd__buf_1)
                  0.64    0.58    3.29 ^ _43366_/X (sky130_fd_sc_hd__buf_1)
    10    0.06                           _09784_ (net)
                  0.64    0.00    3.29 ^ _43367_/A (sky130_fd_sc_hd__buf_1)
                  0.64    0.58    3.87 ^ _43367_/X (sky130_fd_sc_hd__buf_1)
    10    0.06                           _09785_ (net)
                  0.64    0.00    3.88 ^ _43368_/A (sky130_fd_sc_hd__buf_1)
                  0.64    0.58    4.46 ^ _43368_/X (sky130_fd_sc_hd__buf_1)
    10    0.06                           _09786_ (net)
                  0.64    0.00    4.46 ^ _43369_/A (sky130_fd_sc_hd__buf_1)
                  0.64    0.58    5.04 ^ _43369_/X (sky130_fd_sc_hd__buf_1)
    10    0.06                           _09787_ (net)
                  0.64    0.00    5.04 ^ _43370_/A (sky130_fd_sc_hd__buf_1)
                  0.64    0.58    5.62 ^ _43370_/X (sky130_fd_sc_hd__buf_1)
    10    0.06                           _09788_ (net)
                  0.64    0.00    5.63 ^ _43371_/A (sky130_fd_sc_hd__buf_1)
                  0.64    0.58    6.21 ^ _43371_/X (sky130_fd_sc_hd__buf_1)
    10    0.06                           _09789_ (net)
                  0.64    0.01    6.21 ^ _73537_/S0 (sky130_fd_sc_hd__mux4_2)
                  0.13    0.66    6.87 v _73537_/X (sky130_fd_sc_hd__mux4_2)
     6    0.02                           _33033_ (net)
                  0.13    0.00    6.88 v _77537_/B1 (sky130_fd_sc_hd__a31o_2)
                  0.08    0.28    7.16 v _77537_/X (sky130_fd_sc_hd__a31o_2)
     3    0.02                           _37013_ (net)
                  0.08    0.01    7.17 v _77538_/B (sky130_fd_sc_hd__xor2_2)
                  0.07    0.16    7.32 v _77538_/X (sky130_fd_sc_hd__xor2_2)
     2    0.01                           _37014_ (net)
                  0.07    0.00    7.33 v _77539_/B (sky130_fd_sc_hd__and2_2)
                  0.05    0.21    7.54 v _77539_/X (sky130_fd_sc_hd__and2_2)
     3    0.01                           _37015_ (net)
                  0.05    0.00    7.54 v _77541_/A (sky130_fd_sc_hd__or2_2)
                  0.09    0.35    7.89 v _77541_/X (sky130_fd_sc_hd__or2_2)
     3    0.02                           _37017_ (net)
                  0.09    0.00    7.89 v _77634_/A (sky130_fd_sc_hd__or4bb_2)
                  0.11    0.67    8.56 v _77634_/X (sky130_fd_sc_hd__or4bb_2)
     2    0.01                           _37106_ (net)
                  0.11    0.00    8.56 v _77635_/D (sky130_fd_sc_hd__or4_2)
                  0.12    0.58    9.14 v _77635_/X (sky130_fd_sc_hd__or4_2)
     2    0.01                           _37107_ (net)
                  0.12    0.00    9.15 v _77880_/A2 (sky130_fd_sc_hd__o31a_2)
                  0.09    0.39    9.54 v _77880_/X (sky130_fd_sc_hd__o31a_2)
     6    0.02                           _37344_ (net)
                  0.09    0.00    9.54 v _78295_/A (sky130_fd_sc_hd__or4_2)
                  0.13    0.73   10.27 v _78295_/X (sky130_fd_sc_hd__or4_2)
     3    0.01                           _37743_ (net)
                  0.13    0.00   10.27 v _78416_/A1 (sky130_fd_sc_hd__a21o_2)
                  0.06    0.24   10.51 v _78416_/X (sky130_fd_sc_hd__a21o_2)
     3    0.01                           _37860_ (net)
                  0.06    0.00   10.52 v _78525_/A1 (sky130_fd_sc_hd__o21ba_2)
                  0.06    0.24   10.76 v _78525_/X (sky130_fd_sc_hd__o21ba_2)
     3    0.01                           _37965_ (net)
                  0.06    0.00   10.76 v _78625_/A1 (sky130_fd_sc_hd__o32a_2)
                  0.06    0.38   11.14 v _78625_/X (sky130_fd_sc_hd__o32a_2)
     2    0.01                           _38061_ (net)
                  0.06    0.00   11.15 v _78627_/A2 (sky130_fd_sc_hd__a21o_2)
                  0.07    0.25   11.40 v _78627_/X (sky130_fd_sc_hd__a21o_2)
     5    0.02                           _38063_ (net)
                  0.07    0.00   11.40 v _78672_/A2 (sky130_fd_sc_hd__a311o_2)
                  0.08    0.40   11.80 v _78672_/X (sky130_fd_sc_hd__a311o_2)
     3    0.01                           _38106_ (net)
                  0.08    0.00   11.81 v _78675_/A2 (sky130_fd_sc_hd__a31o_2)
                  0.04    0.23   12.04 v _78675_/X (sky130_fd_sc_hd__a31o_2)
     1    0.00                           _38109_ (net)
                  0.04    0.00   12.04 v _78690_/B (sky130_fd_sc_hd__and3_2)
                  0.04    0.18   12.23 v _78690_/X (sky130_fd_sc_hd__and3_2)
     1    0.00                           _38124_ (net)
                  0.04    0.00   12.23 v _78691_/A (sky130_fd_sc_hd__buf_1)
                  0.03    0.08   12.32 v _78691_/X (sky130_fd_sc_hd__buf_1)
     1    0.00                           _06831_ (net)
                  0.03    0.00   12.32 v _91994_/D (sky130_fd_sc_hd__dfxtp_2)
                                 12.32   data arrival time

                  0.15   12.50   12.50   clock clk (rise edge)
                          0.00   12.50   clock network delay (ideal)
                         -0.25   12.25   clock uncertainty
                          0.00   12.25   clock reconvergence pessimism
                                 12.25 ^ _91994_/CLK (sky130_fd_sc_hd__dfxtp_2)
                         -0.07   12.18   library setup time
                                 12.18   data required time
-----------------------------------------------------------------------------
                                 12.18   data required time
                                -12.32   data arrival time
-----------------------------------------------------------------------------
                                 -0.14   slack (VIOLATED)


