
===========================================================================
report_checks -path_delay min (Hold)
============================================================================
Startpoint: _87846_ (rising edge-triggered flip-flop clocked by clk)
Endpoint: _87756_ (rising edge-triggered flip-flop clocked by clk)
Path Group: clk
Path Type: min

Fanout     Cap    Slew   Delay    Time   Description
-----------------------------------------------------------------------------
                          0.00    0.00   clock clk (rise edge)
                          0.00    0.00   clock source latency
                  0.44    0.29    0.29 ^ clk (in)
     1    0.10                           clk (net)
                  0.44    0.00    0.29 ^ clkbuf_0_clk/A (sky130_fd_sc_hd__clkbuf_16)
                  0.06    0.21    0.50 ^ clkbuf_0_clk/X (sky130_fd_sc_hd__clkbuf_16)
     2    0.02                           clknet_0_clk (net)
                  0.06    0.00    0.51 ^ clkbuf_1_1_0_clk/A (sky130_fd_sc_hd__clkbuf_8)
                  0.04    0.12    0.62 ^ clkbuf_1_1_0_clk/X (sky130_fd_sc_hd__clkbuf_8)
     1    0.01                           clknet_1_1_0_clk (net)
                  0.04    0.00    0.62 ^ clkbuf_1_1_1_clk/A (sky130_fd_sc_hd__clkbuf_8)
                  0.04    0.11    0.74 ^ clkbuf_1_1_1_clk/X (sky130_fd_sc_hd__clkbuf_8)
     1    0.01                           clknet_1_1_1_clk (net)
                  0.04    0.00    0.74 ^ clkbuf_1_1_2_clk/A (sky130_fd_sc_hd__clkbuf_8)
                  0.04    0.11    0.85 ^ clkbuf_1_1_2_clk/X (sky130_fd_sc_hd__clkbuf_8)
     1    0.01                           clknet_1_1_2_clk (net)
                  0.04    0.00    0.85 ^ clkbuf_1_1_3_clk/A (sky130_fd_sc_hd__clkbuf_8)
                  0.07    0.14    0.99 ^ clkbuf_1_1_3_clk/X (sky130_fd_sc_hd__clkbuf_8)
     2    0.03                           clknet_1_1_3_clk (net)
                  0.07    0.01    1.00 ^ clkbuf_2_3_0_clk/A (sky130_fd_sc_hd__clkbuf_8)
                  0.04    0.12    1.12 ^ clkbuf_2_3_0_clk/X (sky130_fd_sc_hd__clkbuf_8)
     1    0.01                           clknet_2_3_0_clk (net)
                  0.04    0.00    1.12 ^ clkbuf_2_3_1_clk/A (sky130_fd_sc_hd__clkbuf_8)
                  0.04    0.11    1.24 ^ clkbuf_2_3_1_clk/X (sky130_fd_sc_hd__clkbuf_8)
     1    0.01                           clknet_2_3_1_clk (net)
                  0.04    0.00    1.24 ^ clkbuf_2_3_2_clk/A (sky130_fd_sc_hd__clkbuf_8)
                  0.03    0.11    1.34 ^ clkbuf_2_3_2_clk/X (sky130_fd_sc_hd__clkbuf_8)
     1    0.01                           clknet_2_3_2_clk (net)
                  0.03    0.00    1.34 ^ clkbuf_2_3_3_clk/A (sky130_fd_sc_hd__clkbuf_8)
                  0.07    0.14    1.48 ^ clkbuf_2_3_3_clk/X (sky130_fd_sc_hd__clkbuf_8)
     2    0.03                           clknet_2_3_3_clk (net)
                  0.07    0.00    1.49 ^ clkbuf_3_7_0_clk/A (sky130_fd_sc_hd__clkbuf_8)
                  0.04    0.12    1.61 ^ clkbuf_3_7_0_clk/X (sky130_fd_sc_hd__clkbuf_8)
     1    0.01                           clknet_3_7_0_clk (net)
                  0.04    0.00    1.61 ^ clkbuf_3_7_1_clk/A (sky130_fd_sc_hd__clkbuf_8)
                  0.07    0.14    1.75 ^ clkbuf_3_7_1_clk/X (sky130_fd_sc_hd__clkbuf_8)
     2    0.03                           clknet_3_7_1_clk (net)
                  0.07    0.00    1.75 ^ clkbuf_4_14_0_clk/A (sky130_fd_sc_hd__clkbuf_8)
                  0.04    0.12    1.87 ^ clkbuf_4_14_0_clk/X (sky130_fd_sc_hd__clkbuf_8)
     1    0.01                           clknet_4_14_0_clk (net)
                  0.04    0.00    1.87 ^ clkbuf_4_14_1_clk/A (sky130_fd_sc_hd__clkbuf_8)
                  0.06    0.13    2.00 ^ clkbuf_4_14_1_clk/X (sky130_fd_sc_hd__clkbuf_8)
     2    0.03                           clknet_4_14_1_clk (net)
                  0.06    0.00    2.00 ^ clkbuf_5_29_0_clk/A (sky130_fd_sc_hd__clkbuf_8)
                  0.06    0.14    2.14 ^ clkbuf_5_29_0_clk/X (sky130_fd_sc_hd__clkbuf_8)
     2    0.03                           clknet_5_29_0_clk (net)
                  0.06    0.00    2.14 ^ clkbuf_6_59_0_clk/A (sky130_fd_sc_hd__clkbuf_8)
                  0.05    0.13    2.26 ^ clkbuf_6_59_0_clk/X (sky130_fd_sc_hd__clkbuf_8)
     2    0.02                           clknet_6_59_0_clk (net)
                  0.05    0.00    2.27 ^ clkbuf_7_119_0_clk/A (sky130_fd_sc_hd__clkbuf_8)
                  0.23    0.25    2.52 ^ clkbuf_7_119_0_clk/X (sky130_fd_sc_hd__clkbuf_8)
    13    0.14                           clknet_7_119_0_clk (net)
                  0.23    0.00    2.52 ^ clkbuf_leaf_590_clk/A (sky130_fd_sc_hd__clkbuf_16)
                  0.05    0.18    2.70 ^ clkbuf_leaf_590_clk/X (sky130_fd_sc_hd__clkbuf_16)
     8    0.02                           clknet_leaf_590_clk (net)
                  0.05    0.00    2.70 ^ _87846_/CLK (sky130_fd_sc_hd__dfxtp_1)
                  0.05    0.29    2.99 ^ _87846_/Q (sky130_fd_sc_hd__dfxtp_1)
     1    0.00                           l1dcache_u.S2_DATA_Q.dff_q[23] (net)
                  0.05    0.00    2.99 ^ _41330_/A1 (sky130_fd_sc_hd__a22o_1)
                  0.08    0.16    3.15 ^ _41330_/X (sky130_fd_sc_hd__a22o_1)
     2    0.01                           l1dcache_u.S2_DATA.d[23] (net)
                  0.08    0.00    3.15 ^ _87756_/D (sky130_fd_sc_hd__dfxtp_1)
                                  3.15   data arrival time

                          0.00    0.00   clock clk (rise edge)
                          0.00    0.00   clock source latency
                  0.44    0.32    0.32 ^ clk (in)
     1    0.10                           clk (net)
                  0.44    0.00    0.32 ^ clkbuf_0_clk/A (sky130_fd_sc_hd__clkbuf_16)
                  0.06    0.24    0.56 ^ clkbuf_0_clk/X (sky130_fd_sc_hd__clkbuf_16)
     2    0.02                           clknet_0_clk (net)
                  0.06    0.00    0.56 ^ clkbuf_1_1_0_clk/A (sky130_fd_sc_hd__clkbuf_8)
                  0.04    0.13    0.69 ^ clkbuf_1_1_0_clk/X (sky130_fd_sc_hd__clkbuf_8)
     1    0.01                           clknet_1_1_0_clk (net)
                  0.04    0.00    0.69 ^ clkbuf_1_1_1_clk/A (sky130_fd_sc_hd__clkbuf_8)
                  0.04    0.13    0.82 ^ clkbuf_1_1_1_clk/X (sky130_fd_sc_hd__clkbuf_8)
     1    0.01                           clknet_1_1_1_clk (net)
                  0.04    0.00    0.82 ^ clkbuf_1_1_2_clk/A (sky130_fd_sc_hd__clkbuf_8)
                  0.04    0.13    0.94 ^ clkbuf_1_1_2_clk/X (sky130_fd_sc_hd__clkbuf_8)
     1    0.01                           clknet_1_1_2_clk (net)
                  0.04    0.00    0.94 ^ clkbuf_1_1_3_clk/A (sky130_fd_sc_hd__clkbuf_8)
                  0.07    0.15    1.10 ^ clkbuf_1_1_3_clk/X (sky130_fd_sc_hd__clkbuf_8)
     2    0.03                           clknet_1_1_3_clk (net)
                  0.07    0.01    1.10 ^ clkbuf_2_3_0_clk/A (sky130_fd_sc_hd__clkbuf_8)
                  0.04    0.14    1.24 ^ clkbuf_2_3_0_clk/X (sky130_fd_sc_hd__clkbuf_8)
     1    0.01                           clknet_2_3_0_clk (net)
                  0.04    0.00    1.24 ^ clkbuf_2_3_1_clk/A (sky130_fd_sc_hd__clkbuf_8)
                  0.04    0.13    1.37 ^ clkbuf_2_3_1_clk/X (sky130_fd_sc_hd__clkbuf_8)
     1    0.01                           clknet_2_3_1_clk (net)
                  0.04    0.00    1.37 ^ clkbuf_2_3_2_clk/A (sky130_fd_sc_hd__clkbuf_8)
                  0.03    0.12    1.49 ^ clkbuf_2_3_2_clk/X (sky130_fd_sc_hd__clkbuf_8)
     1    0.01                           clknet_2_3_2_clk (net)
                  0.03    0.00    1.49 ^ clkbuf_2_3_3_clk/A (sky130_fd_sc_hd__clkbuf_8)
                  0.07    0.15    1.64 ^ clkbuf_2_3_3_clk/X (sky130_fd_sc_hd__clkbuf_8)
     2    0.03                           clknet_2_3_3_clk (net)
                  0.07    0.00    1.64 ^ clkbuf_3_7_0_clk/A (sky130_fd_sc_hd__clkbuf_8)
                  0.04    0.14    1.78 ^ clkbuf_3_7_0_clk/X (sky130_fd_sc_hd__clkbuf_8)
     1    0.01                           clknet_3_7_0_clk (net)
                  0.04    0.00    1.78 ^ clkbuf_3_7_1_clk/A (sky130_fd_sc_hd__clkbuf_8)
                  0.07    0.15    1.93 ^ clkbuf_3_7_1_clk/X (sky130_fd_sc_hd__clkbuf_8)
     2    0.03                           clknet_3_7_1_clk (net)
                  0.07    0.00    1.93 ^ clkbuf_4_15_0_clk/A (sky130_fd_sc_hd__clkbuf_8)
                  0.04    0.13    2.06 ^ clkbuf_4_15_0_clk/X (sky130_fd_sc_hd__clkbuf_8)
     1    0.01                           clknet_4_15_0_clk (net)
                  0.04    0.00    2.06 ^ clkbuf_4_15_1_clk/A (sky130_fd_sc_hd__clkbuf_8)
                  0.06    0.15    2.21 ^ clkbuf_4_15_1_clk/X (sky130_fd_sc_hd__clkbuf_8)
     2    0.03                           clknet_4_15_1_clk (net)
                  0.06    0.00    2.21 ^ clkbuf_5_31_0_clk/A (sky130_fd_sc_hd__clkbuf_8)
                  0.05    0.15    2.36 ^ clkbuf_5_31_0_clk/X (sky130_fd_sc_hd__clkbuf_8)
     2    0.02                           clknet_5_31_0_clk (net)
                  0.05    0.00    2.36 ^ clkbuf_6_62_0_clk/A (sky130_fd_sc_hd__clkbuf_8)
                  0.05    0.14    2.50 ^ clkbuf_6_62_0_clk/X (sky130_fd_sc_hd__clkbuf_8)
     2    0.02                           clknet_6_62_0_clk (net)
                  0.05    0.00    2.50 ^ clkbuf_7_125_0_clk/A (sky130_fd_sc_hd__clkbuf_8)
                  0.26    0.30    2.80 ^ clkbuf_7_125_0_clk/X (sky130_fd_sc_hd__clkbuf_8)
    13    0.16                           clknet_7_125_0_clk (net)
                  0.26    0.01    2.81 ^ clkbuf_leaf_589_clk/A (sky130_fd_sc_hd__clkbuf_16)
                  0.06    0.21    3.02 ^ clkbuf_leaf_589_clk/X (sky130_fd_sc_hd__clkbuf_16)
    11    0.03                           clknet_leaf_589_clk (net)
                  0.06    0.00    3.02 ^ _87756_/CLK (sky130_fd_sc_hd__dfxtp_1)
                          0.25    3.27   clock uncertainty
                         -0.18    3.09   clock reconvergence pessimism
                         -0.04    3.05   library hold time
                                  3.05   data required time
-----------------------------------------------------------------------------
                                  3.05   data required time
                                 -3.15   data arrival time
-----------------------------------------------------------------------------
                                  0.10   slack (MET)


Startpoint: _87848_ (rising edge-triggered flip-flop clocked by clk)
Endpoint: _87758_ (rising edge-triggered flip-flop clocked by clk)
Path Group: clk
Path Type: min

Fanout     Cap    Slew   Delay    Time   Description
-----------------------------------------------------------------------------
                          0.00    0.00   clock clk (rise edge)
                          0.00    0.00   clock source latency
                  0.44    0.29    0.29 ^ clk (in)
     1    0.10                           clk (net)
                  0.44    0.00    0.29 ^ clkbuf_0_clk/A (sky130_fd_sc_hd__clkbuf_16)
                  0.06    0.21    0.50 ^ clkbuf_0_clk/X (sky130_fd_sc_hd__clkbuf_16)
     2    0.02                           clknet_0_clk (net)
                  0.06    0.00    0.51 ^ clkbuf_1_1_0_clk/A (sky130_fd_sc_hd__clkbuf_8)
                  0.04    0.12    0.62 ^ clkbuf_1_1_0_clk/X (sky130_fd_sc_hd__clkbuf_8)
     1    0.01                           clknet_1_1_0_clk (net)
                  0.04    0.00    0.62 ^ clkbuf_1_1_1_clk/A (sky130_fd_sc_hd__clkbuf_8)
                  0.04    0.11    0.74 ^ clkbuf_1_1_1_clk/X (sky130_fd_sc_hd__clkbuf_8)
     1    0.01                           clknet_1_1_1_clk (net)
                  0.04    0.00    0.74 ^ clkbuf_1_1_2_clk/A (sky130_fd_sc_hd__clkbuf_8)
                  0.04    0.11    0.85 ^ clkbuf_1_1_2_clk/X (sky130_fd_sc_hd__clkbuf_8)
     1    0.01                           clknet_1_1_2_clk (net)
                  0.04    0.00    0.85 ^ clkbuf_1_1_3_clk/A (sky130_fd_sc_hd__clkbuf_8)
                  0.07    0.14    0.99 ^ clkbuf_1_1_3_clk/X (sky130_fd_sc_hd__clkbuf_8)
     2    0.03                           clknet_1_1_3_clk (net)
                  0.07    0.01    1.00 ^ clkbuf_2_3_0_clk/A (sky130_fd_sc_hd__clkbuf_8)
                  0.04    0.12    1.12 ^ clkbuf_2_3_0_clk/X (sky130_fd_sc_hd__clkbuf_8)
     1    0.01                           clknet_2_3_0_clk (net)
                  0.04    0.00    1.12 ^ clkbuf_2_3_1_clk/A (sky130_fd_sc_hd__clkbuf_8)
                  0.04    0.11    1.24 ^ clkbuf_2_3_1_clk/X (sky130_fd_sc_hd__clkbuf_8)
     1    0.01                           clknet_2_3_1_clk (net)
                  0.04    0.00    1.24 ^ clkbuf_2_3_2_clk/A (sky130_fd_sc_hd__clkbuf_8)
                  0.03    0.11    1.34 ^ clkbuf_2_3_2_clk/X (sky130_fd_sc_hd__clkbuf_8)
     1    0.01                           clknet_2_3_2_clk (net)
                  0.03    0.00    1.34 ^ clkbuf_2_3_3_clk/A (sky130_fd_sc_hd__clkbuf_8)
                  0.07    0.14    1.48 ^ clkbuf_2_3_3_clk/X (sky130_fd_sc_hd__clkbuf_8)
     2    0.03                           clknet_2_3_3_clk (net)
                  0.07    0.00    1.49 ^ clkbuf_3_7_0_clk/A (sky130_fd_sc_hd__clkbuf_8)
                  0.04    0.12    1.61 ^ clkbuf_3_7_0_clk/X (sky130_fd_sc_hd__clkbuf_8)
     1    0.01                           clknet_3_7_0_clk (net)
                  0.04    0.00    1.61 ^ clkbuf_3_7_1_clk/A (sky130_fd_sc_hd__clkbuf_8)
                  0.07    0.14    1.75 ^ clkbuf_3_7_1_clk/X (sky130_fd_sc_hd__clkbuf_8)
     2    0.03                           clknet_3_7_1_clk (net)
                  0.07    0.00    1.75 ^ clkbuf_4_14_0_clk/A (sky130_fd_sc_hd__clkbuf_8)
                  0.04    0.12    1.87 ^ clkbuf_4_14_0_clk/X (sky130_fd_sc_hd__clkbuf_8)
     1    0.01                           clknet_4_14_0_clk (net)
                  0.04    0.00    1.87 ^ clkbuf_4_14_1_clk/A (sky130_fd_sc_hd__clkbuf_8)
                  0.06    0.13    2.00 ^ clkbuf_4_14_1_clk/X (sky130_fd_sc_hd__clkbuf_8)
     2    0.03                           clknet_4_14_1_clk (net)
                  0.06    0.00    2.00 ^ clkbuf_5_29_0_clk/A (sky130_fd_sc_hd__clkbuf_8)
                  0.06    0.14    2.14 ^ clkbuf_5_29_0_clk/X (sky130_fd_sc_hd__clkbuf_8)
     2    0.03                           clknet_5_29_0_clk (net)
                  0.06    0.00    2.14 ^ clkbuf_6_59_0_clk/A (sky130_fd_sc_hd__clkbuf_8)
                  0.05    0.13    2.26 ^ clkbuf_6_59_0_clk/X (sky130_fd_sc_hd__clkbuf_8)
     2    0.02                           clknet_6_59_0_clk (net)
                  0.05    0.00    2.27 ^ clkbuf_7_119_0_clk/A (sky130_fd_sc_hd__clkbuf_8)
                  0.23    0.25    2.52 ^ clkbuf_7_119_0_clk/X (sky130_fd_sc_hd__clkbuf_8)
    13    0.14                           clknet_7_119_0_clk (net)
                  0.23    0.00    2.52 ^ clkbuf_leaf_592_clk/A (sky130_fd_sc_hd__clkbuf_16)
                  0.07    0.19    2.71 ^ clkbuf_leaf_592_clk/X (sky130_fd_sc_hd__clkbuf_16)
    14    0.04                           clknet_leaf_592_clk (net)
                  0.07    0.00    2.71 ^ _87848_/CLK (sky130_fd_sc_hd__dfxtp_1)
                  0.04    0.30    3.01 ^ _87848_/Q (sky130_fd_sc_hd__dfxtp_1)
     1    0.00                           l1dcache_u.S2_DATA_Q.dff_q[25] (net)
                  0.04    0.00    3.01 ^ _41332_/A1 (sky130_fd_sc_hd__a22o_1)
                  0.07    0.14    3.15 ^ _41332_/X (sky130_fd_sc_hd__a22o_1)
     2    0.01                           l1dcache_u.S2_DATA.d[25] (net)
                  0.07    0.00    3.15 ^ _87758_/D (sky130_fd_sc_hd__dfxtp_1)
                                  3.15   data arrival time

                          0.00    0.00   clock clk (rise edge)
                          0.00    0.00   clock source latency
                  0.44    0.32    0.32 ^ clk (in)
     1    0.10                           clk (net)
                  0.44    0.00    0.32 ^ clkbuf_0_clk/A (sky130_fd_sc_hd__clkbuf_16)
                  0.06    0.24    0.56 ^ clkbuf_0_clk/X (sky130_fd_sc_hd__clkbuf_16)
     2    0.02                           clknet_0_clk (net)
                  0.06    0.00    0.56 ^ clkbuf_1_1_0_clk/A (sky130_fd_sc_hd__clkbuf_8)
                  0.04    0.13    0.69 ^ clkbuf_1_1_0_clk/X (sky130_fd_sc_hd__clkbuf_8)
     1    0.01                           clknet_1_1_0_clk (net)
                  0.04    0.00    0.69 ^ clkbuf_1_1_1_clk/A (sky130_fd_sc_hd__clkbuf_8)
                  0.04    0.13    0.82 ^ clkbuf_1_1_1_clk/X (sky130_fd_sc_hd__clkbuf_8)
     1    0.01                           clknet_1_1_1_clk (net)
                  0.04    0.00    0.82 ^ clkbuf_1_1_2_clk/A (sky130_fd_sc_hd__clkbuf_8)
                  0.04    0.13    0.94 ^ clkbuf_1_1_2_clk/X (sky130_fd_sc_hd__clkbuf_8)
     1    0.01                           clknet_1_1_2_clk (net)
                  0.04    0.00    0.94 ^ clkbuf_1_1_3_clk/A (sky130_fd_sc_hd__clkbuf_8)
                  0.07    0.15    1.10 ^ clkbuf_1_1_3_clk/X (sky130_fd_sc_hd__clkbuf_8)
     2    0.03                           clknet_1_1_3_clk (net)
                  0.07    0.01    1.10 ^ clkbuf_2_3_0_clk/A (sky130_fd_sc_hd__clkbuf_8)
                  0.04    0.14    1.24 ^ clkbuf_2_3_0_clk/X (sky130_fd_sc_hd__clkbuf_8)
     1    0.01                           clknet_2_3_0_clk (net)
                  0.04    0.00    1.24 ^ clkbuf_2_3_1_clk/A (sky130_fd_sc_hd__clkbuf_8)
                  0.04    0.13    1.37 ^ clkbuf_2_3_1_clk/X (sky130_fd_sc_hd__clkbuf_8)
     1    0.01                           clknet_2_3_1_clk (net)
                  0.04    0.00    1.37 ^ clkbuf_2_3_2_clk/A (sky130_fd_sc_hd__clkbuf_8)
                  0.03    0.12    1.49 ^ clkbuf_2_3_2_clk/X (sky130_fd_sc_hd__clkbuf_8)
     1    0.01                           clknet_2_3_2_clk (net)
                  0.03    0.00    1.49 ^ clkbuf_2_3_3_clk/A (sky130_fd_sc_hd__clkbuf_8)
                  0.07    0.15    1.64 ^ clkbuf_2_3_3_clk/X (sky130_fd_sc_hd__clkbuf_8)
     2    0.03                           clknet_2_3_3_clk (net)
                  0.07    0.00    1.64 ^ clkbuf_3_7_0_clk/A (sky130_fd_sc_hd__clkbuf_8)
                  0.04    0.14    1.78 ^ clkbuf_3_7_0_clk/X (sky130_fd_sc_hd__clkbuf_8)
     1    0.01                           clknet_3_7_0_clk (net)
                  0.04    0.00    1.78 ^ clkbuf_3_7_1_clk/A (sky130_fd_sc_hd__clkbuf_8)
                  0.07    0.15    1.93 ^ clkbuf_3_7_1_clk/X (sky130_fd_sc_hd__clkbuf_8)
     2    0.03                           clknet_3_7_1_clk (net)
                  0.07    0.00    1.93 ^ clkbuf_4_15_0_clk/A (sky130_fd_sc_hd__clkbuf_8)
                  0.04    0.13    2.06 ^ clkbuf_4_15_0_clk/X (sky130_fd_sc_hd__clkbuf_8)
     1    0.01                           clknet_4_15_0_clk (net)
                  0.04    0.00    2.06 ^ clkbuf_4_15_1_clk/A (sky130_fd_sc_hd__clkbuf_8)
                  0.06    0.15    2.21 ^ clkbuf_4_15_1_clk/X (sky130_fd_sc_hd__clkbuf_8)
     2    0.03                           clknet_4_15_1_clk (net)
                  0.06    0.00    2.21 ^ clkbuf_5_31_0_clk/A (sky130_fd_sc_hd__clkbuf_8)
                  0.05    0.15    2.36 ^ clkbuf_5_31_0_clk/X (sky130_fd_sc_hd__clkbuf_8)
     2    0.02                           clknet_5_31_0_clk (net)
                  0.05    0.00    2.36 ^ clkbuf_6_62_0_clk/A (sky130_fd_sc_hd__clkbuf_8)
                  0.05    0.14    2.50 ^ clkbuf_6_62_0_clk/X (sky130_fd_sc_hd__clkbuf_8)
     2    0.02                           clknet_6_62_0_clk (net)
                  0.05    0.00    2.50 ^ clkbuf_7_125_0_clk/A (sky130_fd_sc_hd__clkbuf_8)
                  0.26    0.30    2.80 ^ clkbuf_7_125_0_clk/X (sky130_fd_sc_hd__clkbuf_8)
    13    0.16                           clknet_7_125_0_clk (net)
                  0.26    0.01    2.81 ^ clkbuf_leaf_588_clk/A (sky130_fd_sc_hd__clkbuf_16)
                  0.06    0.21    3.02 ^ clkbuf_leaf_588_clk/X (sky130_fd_sc_hd__clkbuf_16)
     9    0.03                           clknet_leaf_588_clk (net)
                  0.06    0.00    3.02 ^ _87758_/CLK (sky130_fd_sc_hd__dfxtp_1)
                          0.25    3.27   clock uncertainty
                         -0.18    3.08   clock reconvergence pessimism
                         -0.04    3.05   library hold time
                                  3.05   data required time
-----------------------------------------------------------------------------
                                  3.05   data required time
                                 -3.15   data arrival time
-----------------------------------------------------------------------------
                                  0.11   slack (MET)


Startpoint: _86753_ (rising edge-triggered flip-flop clocked by clk)
Endpoint: _85997_ (rising edge-triggered flip-flop clocked by clk)
Path Group: clk
Path Type: min

Fanout     Cap    Slew   Delay    Time   Description
-----------------------------------------------------------------------------
                          0.00    0.00   clock clk (rise edge)
                          0.00    0.00   clock source latency
                  0.44    0.29    0.29 ^ clk (in)
     1    0.10                           clk (net)
                  0.44    0.00    0.29 ^ clkbuf_0_clk/A (sky130_fd_sc_hd__clkbuf_16)
                  0.06    0.21    0.50 ^ clkbuf_0_clk/X (sky130_fd_sc_hd__clkbuf_16)
     2    0.02                           clknet_0_clk (net)
                  0.06    0.00    0.51 ^ clkbuf_1_0_0_clk/A (sky130_fd_sc_hd__clkbuf_8)
                  0.04    0.12    0.63 ^ clkbuf_1_0_0_clk/X (sky130_fd_sc_hd__clkbuf_8)
     1    0.01                           clknet_1_0_0_clk (net)
                  0.04    0.00    0.63 ^ clkbuf_1_0_1_clk/A (sky130_fd_sc_hd__clkbuf_8)
                  0.04    0.11    0.74 ^ clkbuf_1_0_1_clk/X (sky130_fd_sc_hd__clkbuf_8)
     1    0.01                           clknet_1_0_1_clk (net)
                  0.04    0.00    0.74 ^ clkbuf_1_0_2_clk/A (sky130_fd_sc_hd__clkbuf_8)
                  0.04    0.11    0.85 ^ clkbuf_1_0_2_clk/X (sky130_fd_sc_hd__clkbuf_8)
     1    0.01                           clknet_1_0_2_clk (net)
                  0.04    0.00    0.85 ^ clkbuf_1_0_3_clk/A (sky130_fd_sc_hd__clkbuf_8)
                  0.06    0.13    0.99 ^ clkbuf_1_0_3_clk/X (sky130_fd_sc_hd__clkbuf_8)
     2    0.02                           clknet_1_0_3_clk (net)
                  0.06    0.00    0.99 ^ clkbuf_2_1_0_clk/A (sky130_fd_sc_hd__clkbuf_8)
                  0.04    0.12    1.11 ^ clkbuf_2_1_0_clk/X (sky130_fd_sc_hd__clkbuf_8)
     1    0.01                           clknet_2_1_0_clk (net)
                  0.04    0.00    1.11 ^ clkbuf_2_1_1_clk/A (sky130_fd_sc_hd__clkbuf_8)
                  0.04    0.11    1.22 ^ clkbuf_2_1_1_clk/X (sky130_fd_sc_hd__clkbuf_8)
     1    0.01                           clknet_2_1_1_clk (net)
                  0.04    0.00    1.22 ^ clkbuf_2_1_2_clk/A (sky130_fd_sc_hd__clkbuf_8)
                  0.03    0.11    1.33 ^ clkbuf_2_1_2_clk/X (sky130_fd_sc_hd__clkbuf_8)
     1    0.01                           clknet_2_1_2_clk (net)
                  0.03    0.00    1.33 ^ clkbuf_2_1_3_clk/A (sky130_fd_sc_hd__clkbuf_8)
                  0.07    0.14    1.47 ^ clkbuf_2_1_3_clk/X (sky130_fd_sc_hd__clkbuf_8)
     2    0.03                           clknet_2_1_3_clk (net)
                  0.07    0.00    1.47 ^ clkbuf_3_2_0_clk/A (sky130_fd_sc_hd__clkbuf_8)
                  0.04    0.12    1.59 ^ clkbuf_3_2_0_clk/X (sky130_fd_sc_hd__clkbuf_8)
     1    0.01                           clknet_3_2_0_clk (net)
                  0.04    0.00    1.59 ^ clkbuf_3_2_1_clk/A (sky130_fd_sc_hd__clkbuf_8)
                  0.05    0.12    1.72 ^ clkbuf_3_2_1_clk/X (sky130_fd_sc_hd__clkbuf_8)
     2    0.02                           clknet_3_2_1_clk (net)
                  0.05    0.00    1.72 ^ clkbuf_4_4_0_clk/A (sky130_fd_sc_hd__clkbuf_8)
                  0.04    0.11    1.83 ^ clkbuf_4_4_0_clk/X (sky130_fd_sc_hd__clkbuf_8)
     1    0.01                           clknet_4_4_0_clk (net)
                  0.04    0.00    1.83 ^ clkbuf_4_4_1_clk/A (sky130_fd_sc_hd__clkbuf_8)
                  0.06    0.13    1.96 ^ clkbuf_4_4_1_clk/X (sky130_fd_sc_hd__clkbuf_8)
     2    0.02                           clknet_4_4_1_clk (net)
                  0.06    0.00    1.96 ^ clkbuf_5_9_0_clk/A (sky130_fd_sc_hd__clkbuf_8)
                  0.06    0.14    2.10 ^ clkbuf_5_9_0_clk/X (sky130_fd_sc_hd__clkbuf_8)
     2    0.02                           clknet_5_9_0_clk (net)
                  0.06    0.00    2.10 ^ clkbuf_6_19_0_clk/A (sky130_fd_sc_hd__clkbuf_8)
                  0.05    0.13    2.23 ^ clkbuf_6_19_0_clk/X (sky130_fd_sc_hd__clkbuf_8)
     2    0.02                           clknet_6_19_0_clk (net)
                  0.05    0.00    2.23 ^ clkbuf_7_39_0_clk/A (sky130_fd_sc_hd__clkbuf_8)
                  0.17    0.22    2.44 ^ clkbuf_7_39_0_clk/X (sky130_fd_sc_hd__clkbuf_8)
    10    0.10                           clknet_7_39_0_clk (net)
                  0.17    0.00    2.45 ^ clkbuf_leaf_192_clk/A (sky130_fd_sc_hd__clkbuf_16)
                  0.06    0.17    2.62 ^ clkbuf_leaf_192_clk/X (sky130_fd_sc_hd__clkbuf_16)
    12    0.03                           clknet_leaf_192_clk (net)
                  0.06    0.00    2.62 ^ _86753_/CLK (sky130_fd_sc_hd__dfxtp_4)
                  0.18    0.42    3.04 ^ _86753_/Q (sky130_fd_sc_hd__dfxtp_4)
    10    0.06                           core_u.back2csr_wb_data[9] (net)
                  0.18    0.02    3.05 ^ _66639_/A1 (sky130_fd_sc_hd__o211a_1)
                  0.04    0.18    3.23 ^ _66639_/X (sky130_fd_sc_hd__o211a_1)
     1    0.00                           _06064_ (net)
                  0.04    0.00    3.23 ^ _85997_/D (sky130_fd_sc_hd__dfxtp_1)
                                  3.23   data arrival time

                          0.00    0.00   clock clk (rise edge)
                          0.00    0.00   clock source latency
                  0.44    0.32    0.32 ^ clk (in)
     1    0.10                           clk (net)
                  0.44    0.00    0.32 ^ clkbuf_0_clk/A (sky130_fd_sc_hd__clkbuf_16)
                  0.06    0.24    0.56 ^ clkbuf_0_clk/X (sky130_fd_sc_hd__clkbuf_16)
     2    0.02                           clknet_0_clk (net)
                  0.06    0.00    0.56 ^ clkbuf_1_0_0_clk/A (sky130_fd_sc_hd__clkbuf_8)
                  0.04    0.13    0.69 ^ clkbuf_1_0_0_clk/X (sky130_fd_sc_hd__clkbuf_8)
     1    0.01                           clknet_1_0_0_clk (net)
                  0.04    0.00    0.69 ^ clkbuf_1_0_1_clk/A (sky130_fd_sc_hd__clkbuf_8)
                  0.04    0.13    0.82 ^ clkbuf_1_0_1_clk/X (sky130_fd_sc_hd__clkbuf_8)
     1    0.01                           clknet_1_0_1_clk (net)
                  0.04    0.00    0.82 ^ clkbuf_1_0_2_clk/A (sky130_fd_sc_hd__clkbuf_8)
                  0.04    0.13    0.94 ^ clkbuf_1_0_2_clk/X (sky130_fd_sc_hd__clkbuf_8)
     1    0.01                           clknet_1_0_2_clk (net)
                  0.04    0.00    0.94 ^ clkbuf_1_0_3_clk/A (sky130_fd_sc_hd__clkbuf_8)
                  0.06    0.14    1.09 ^ clkbuf_1_0_3_clk/X (sky130_fd_sc_hd__clkbuf_8)
     2    0.02                           clknet_1_0_3_clk (net)
                  0.06    0.00    1.09 ^ clkbuf_2_0_0_clk/A (sky130_fd_sc_hd__clkbuf_8)
                  0.04    0.13    1.22 ^ clkbuf_2_0_0_clk/X (sky130_fd_sc_hd__clkbuf_8)
     1    0.01                           clknet_2_0_0_clk (net)
                  0.04    0.00    1.22 ^ clkbuf_2_0_1_clk/A (sky130_fd_sc_hd__clkbuf_8)
                  0.04    0.13    1.35 ^ clkbuf_2_0_1_clk/X (sky130_fd_sc_hd__clkbuf_8)
     1    0.01                           clknet_2_0_1_clk (net)
                  0.04    0.00    1.35 ^ clkbuf_2_0_2_clk/A (sky130_fd_sc_hd__clkbuf_8)
                  0.03    0.12    1.47 ^ clkbuf_2_0_2_clk/X (sky130_fd_sc_hd__clkbuf_8)
     1    0.01                           clknet_2_0_2_clk (net)
                  0.03    0.00    1.47 ^ clkbuf_2_0_3_clk/A (sky130_fd_sc_hd__clkbuf_8)
                  0.07    0.15    1.62 ^ clkbuf_2_0_3_clk/X (sky130_fd_sc_hd__clkbuf_8)
     2    0.03                           clknet_2_0_3_clk (net)
                  0.07    0.00    1.62 ^ clkbuf_3_0_0_clk/A (sky130_fd_sc_hd__clkbuf_8)
                  0.04    0.14    1.76 ^ clkbuf_3_0_0_clk/X (sky130_fd_sc_hd__clkbuf_8)
     1    0.01                           clknet_3_0_0_clk (net)
                  0.04    0.00    1.76 ^ clkbuf_3_0_1_clk/A (sky130_fd_sc_hd__clkbuf_8)
                  0.06    0.15    1.91 ^ clkbuf_3_0_1_clk/X (sky130_fd_sc_hd__clkbuf_8)
     2    0.03                           clknet_3_0_1_clk (net)
                  0.06    0.00    1.91 ^ clkbuf_4_1_0_clk/A (sky130_fd_sc_hd__clkbuf_8)
                  0.04    0.13    2.04 ^ clkbuf_4_1_0_clk/X (sky130_fd_sc_hd__clkbuf_8)
     1    0.01                           clknet_4_1_0_clk (net)
                  0.04    0.00    2.04 ^ clkbuf_4_1_1_clk/A (sky130_fd_sc_hd__clkbuf_8)
                  0.06    0.14    2.18 ^ clkbuf_4_1_1_clk/X (sky130_fd_sc_hd__clkbuf_8)
     2    0.03                           clknet_4_1_1_clk (net)
                  0.06    0.00    2.18 ^ clkbuf_5_3_0_clk/A (sky130_fd_sc_hd__clkbuf_8)
                  0.05    0.15    2.33 ^ clkbuf_5_3_0_clk/X (sky130_fd_sc_hd__clkbuf_8)
     2    0.02                           clknet_5_3_0_clk (net)
                  0.05    0.00    2.33 ^ clkbuf_6_7_0_clk/A (sky130_fd_sc_hd__clkbuf_8)
                  0.05    0.14    2.48 ^ clkbuf_6_7_0_clk/X (sky130_fd_sc_hd__clkbuf_8)
     2    0.02                           clknet_6_7_0_clk (net)
                  0.05    0.00    2.48 ^ clkbuf_7_15_0_clk/A (sky130_fd_sc_hd__clkbuf_8)
                  0.27    0.31    2.78 ^ clkbuf_7_15_0_clk/X (sky130_fd_sc_hd__clkbuf_8)
    15    0.16                           clknet_7_15_0_clk (net)
                  0.27    0.01    2.79 ^ clkbuf_leaf_135_clk/A (sky130_fd_sc_hd__clkbuf_16)
                  0.06    0.21    3.00 ^ clkbuf_leaf_135_clk/X (sky130_fd_sc_hd__clkbuf_16)
     9    0.03                           clknet_leaf_135_clk (net)
                  0.06    0.00    3.00 ^ _85997_/CLK (sky130_fd_sc_hd__dfxtp_1)
                          0.25    3.25   clock uncertainty
                         -0.10    3.15   clock reconvergence pessimism
                         -0.03    3.12   library hold time
                                  3.12   data required time
-----------------------------------------------------------------------------
                                  3.12   data required time
                                 -3.23   data arrival time
-----------------------------------------------------------------------------
                                  0.11   slack (MET)


Startpoint: _86778_ (rising edge-triggered flip-flop clocked by clk)
Endpoint: _86022_ (rising edge-triggered flip-flop clocked by clk)
Path Group: clk
Path Type: min

Fanout     Cap    Slew   Delay    Time   Description
-----------------------------------------------------------------------------
                          0.00    0.00   clock clk (rise edge)
                          0.00    0.00   clock source latency
                  0.44    0.29    0.29 ^ clk (in)
     1    0.10                           clk (net)
                  0.44    0.00    0.29 ^ clkbuf_0_clk/A (sky130_fd_sc_hd__clkbuf_16)
                  0.06    0.21    0.50 ^ clkbuf_0_clk/X (sky130_fd_sc_hd__clkbuf_16)
     2    0.02                           clknet_0_clk (net)
                  0.06    0.00    0.51 ^ clkbuf_1_0_0_clk/A (sky130_fd_sc_hd__clkbuf_8)
                  0.04    0.12    0.63 ^ clkbuf_1_0_0_clk/X (sky130_fd_sc_hd__clkbuf_8)
     1    0.01                           clknet_1_0_0_clk (net)
                  0.04    0.00    0.63 ^ clkbuf_1_0_1_clk/A (sky130_fd_sc_hd__clkbuf_8)
                  0.04    0.11    0.74 ^ clkbuf_1_0_1_clk/X (sky130_fd_sc_hd__clkbuf_8)
     1    0.01                           clknet_1_0_1_clk (net)
                  0.04    0.00    0.74 ^ clkbuf_1_0_2_clk/A (sky130_fd_sc_hd__clkbuf_8)
                  0.04    0.11    0.85 ^ clkbuf_1_0_2_clk/X (sky130_fd_sc_hd__clkbuf_8)
     1    0.01                           clknet_1_0_2_clk (net)
                  0.04    0.00    0.85 ^ clkbuf_1_0_3_clk/A (sky130_fd_sc_hd__clkbuf_8)
                  0.06    0.13    0.99 ^ clkbuf_1_0_3_clk/X (sky130_fd_sc_hd__clkbuf_8)
     2    0.02                           clknet_1_0_3_clk (net)
                  0.06    0.00    0.99 ^ clkbuf_2_1_0_clk/A (sky130_fd_sc_hd__clkbuf_8)
                  0.04    0.12    1.11 ^ clkbuf_2_1_0_clk/X (sky130_fd_sc_hd__clkbuf_8)
     1    0.01                           clknet_2_1_0_clk (net)
                  0.04    0.00    1.11 ^ clkbuf_2_1_1_clk/A (sky130_fd_sc_hd__clkbuf_8)
                  0.04    0.11    1.22 ^ clkbuf_2_1_1_clk/X (sky130_fd_sc_hd__clkbuf_8)
     1    0.01                           clknet_2_1_1_clk (net)
                  0.04    0.00    1.22 ^ clkbuf_2_1_2_clk/A (sky130_fd_sc_hd__clkbuf_8)
                  0.03    0.11    1.33 ^ clkbuf_2_1_2_clk/X (sky130_fd_sc_hd__clkbuf_8)
     1    0.01                           clknet_2_1_2_clk (net)
                  0.03    0.00    1.33 ^ clkbuf_2_1_3_clk/A (sky130_fd_sc_hd__clkbuf_8)
                  0.07    0.14    1.47 ^ clkbuf_2_1_3_clk/X (sky130_fd_sc_hd__clkbuf_8)
     2    0.03                           clknet_2_1_3_clk (net)
                  0.07    0.00    1.47 ^ clkbuf_3_3_0_clk/A (sky130_fd_sc_hd__clkbuf_8)
                  0.04    0.12    1.59 ^ clkbuf_3_3_0_clk/X (sky130_fd_sc_hd__clkbuf_8)
     1    0.01                           clknet_3_3_0_clk (net)
                  0.04    0.00    1.59 ^ clkbuf_3_3_1_clk/A (sky130_fd_sc_hd__clkbuf_8)
                  0.06    0.13    1.72 ^ clkbuf_3_3_1_clk/X (sky130_fd_sc_hd__clkbuf_8)
     2    0.02                           clknet_3_3_1_clk (net)
                  0.06    0.00    1.72 ^ clkbuf_4_6_0_clk/A (sky130_fd_sc_hd__clkbuf_8)
                  0.04    0.12    1.84 ^ clkbuf_4_6_0_clk/X (sky130_fd_sc_hd__clkbuf_8)
     1    0.01                           clknet_4_6_0_clk (net)
                  0.04    0.00    1.84 ^ clkbuf_4_6_1_clk/A (sky130_fd_sc_hd__clkbuf_8)
                  0.06    0.13    1.97 ^ clkbuf_4_6_1_clk/X (sky130_fd_sc_hd__clkbuf_8)
     2    0.03                           clknet_4_6_1_clk (net)
                  0.06    0.00    1.97 ^ clkbuf_5_13_0_clk/A (sky130_fd_sc_hd__clkbuf_8)
                  0.06    0.13    2.11 ^ clkbuf_5_13_0_clk/X (sky130_fd_sc_hd__clkbuf_8)
     2    0.02                           clknet_5_13_0_clk (net)
                  0.06    0.00    2.11 ^ clkbuf_6_26_0_clk/A (sky130_fd_sc_hd__clkbuf_8)
                  0.04    0.12    2.23 ^ clkbuf_6_26_0_clk/X (sky130_fd_sc_hd__clkbuf_8)
     2    0.01                           clknet_6_26_0_clk (net)
                  0.04    0.00    2.23 ^ clkbuf_7_53_0_clk/A (sky130_fd_sc_hd__clkbuf_8)
                  0.14    0.19    2.42 ^ clkbuf_7_53_0_clk/X (sky130_fd_sc_hd__clkbuf_8)
     7    0.08                           clknet_7_53_0_clk (net)
                  0.14    0.00    2.42 ^ clkbuf_leaf_180_clk/A (sky130_fd_sc_hd__clkbuf_16)
                  0.04    0.14    2.56 ^ clkbuf_leaf_180_clk/X (sky130_fd_sc_hd__clkbuf_16)
     3    0.01                           clknet_leaf_180_clk (net)
                  0.04    0.00    2.56 ^ _86778_/CLK (sky130_fd_sc_hd__dfxtp_4)
                  0.15    0.40    2.96 ^ _86778_/Q (sky130_fd_sc_hd__dfxtp_4)
     8    0.05                           core_u.back2csr_wb_data[34] (net)
                  0.15    0.01    2.97 ^ _66742_/A1 (sky130_fd_sc_hd__o211a_1)
                  0.04    0.16    3.13 ^ _66742_/X (sky130_fd_sc_hd__o211a_1)
     1    0.00                           _06089_ (net)
                  0.04    0.00    3.13 ^ _86022_/D (sky130_fd_sc_hd__dfxtp_1)
                                  3.13   data arrival time

                          0.00    0.00   clock clk (rise edge)
                          0.00    0.00   clock source latency
                  0.44    0.32    0.32 ^ clk (in)
     1    0.10                           clk (net)
                  0.44    0.00    0.32 ^ clkbuf_0_clk/A (sky130_fd_sc_hd__clkbuf_16)
                  0.06    0.24    0.56 ^ clkbuf_0_clk/X (sky130_fd_sc_hd__clkbuf_16)
     2    0.02                           clknet_0_clk (net)
                  0.06    0.00    0.56 ^ clkbuf_1_0_0_clk/A (sky130_fd_sc_hd__clkbuf_8)
                  0.04    0.13    0.69 ^ clkbuf_1_0_0_clk/X (sky130_fd_sc_hd__clkbuf_8)
     1    0.01                           clknet_1_0_0_clk (net)
                  0.04    0.00    0.69 ^ clkbuf_1_0_1_clk/A (sky130_fd_sc_hd__clkbuf_8)
                  0.04    0.13    0.82 ^ clkbuf_1_0_1_clk/X (sky130_fd_sc_hd__clkbuf_8)
     1    0.01                           clknet_1_0_1_clk (net)
                  0.04    0.00    0.82 ^ clkbuf_1_0_2_clk/A (sky130_fd_sc_hd__clkbuf_8)
                  0.04    0.13    0.94 ^ clkbuf_1_0_2_clk/X (sky130_fd_sc_hd__clkbuf_8)
     1    0.01                           clknet_1_0_2_clk (net)
                  0.04    0.00    0.94 ^ clkbuf_1_0_3_clk/A (sky130_fd_sc_hd__clkbuf_8)
                  0.06    0.14    1.09 ^ clkbuf_1_0_3_clk/X (sky130_fd_sc_hd__clkbuf_8)
     2    0.02                           clknet_1_0_3_clk (net)
                  0.06    0.00    1.09 ^ clkbuf_2_0_0_clk/A (sky130_fd_sc_hd__clkbuf_8)
                  0.04    0.13    1.22 ^ clkbuf_2_0_0_clk/X (sky130_fd_sc_hd__clkbuf_8)
     1    0.01                           clknet_2_0_0_clk (net)
                  0.04    0.00    1.22 ^ clkbuf_2_0_1_clk/A (sky130_fd_sc_hd__clkbuf_8)
                  0.04    0.13    1.35 ^ clkbuf_2_0_1_clk/X (sky130_fd_sc_hd__clkbuf_8)
     1    0.01                           clknet_2_0_1_clk (net)
                  0.04    0.00    1.35 ^ clkbuf_2_0_2_clk/A (sky130_fd_sc_hd__clkbuf_8)
                  0.03    0.12    1.47 ^ clkbuf_2_0_2_clk/X (sky130_fd_sc_hd__clkbuf_8)
     1    0.01                           clknet_2_0_2_clk (net)
                  0.03    0.00    1.47 ^ clkbuf_2_0_3_clk/A (sky130_fd_sc_hd__clkbuf_8)
                  0.07    0.15    1.62 ^ clkbuf_2_0_3_clk/X (sky130_fd_sc_hd__clkbuf_8)
     2    0.03                           clknet_2_0_3_clk (net)
                  0.07    0.00    1.62 ^ clkbuf_3_1_0_clk/A (sky130_fd_sc_hd__clkbuf_8)
                  0.04    0.14    1.76 ^ clkbuf_3_1_0_clk/X (sky130_fd_sc_hd__clkbuf_8)
     1    0.01                           clknet_3_1_0_clk (net)
                  0.04    0.00    1.76 ^ clkbuf_3_1_1_clk/A (sky130_fd_sc_hd__clkbuf_8)
                  0.06    0.14    1.90 ^ clkbuf_3_1_1_clk/X (sky130_fd_sc_hd__clkbuf_8)
     2    0.02                           clknet_3_1_1_clk (net)
                  0.06    0.00    1.90 ^ clkbuf_4_3_0_clk/A (sky130_fd_sc_hd__clkbuf_8)
                  0.04    0.13    2.03 ^ clkbuf_4_3_0_clk/X (sky130_fd_sc_hd__clkbuf_8)
     1    0.01                           clknet_4_3_0_clk (net)
                  0.04    0.00    2.03 ^ clkbuf_4_3_1_clk/A (sky130_fd_sc_hd__clkbuf_8)
                  0.06    0.15    2.17 ^ clkbuf_4_3_1_clk/X (sky130_fd_sc_hd__clkbuf_8)
     2    0.03                           clknet_4_3_1_clk (net)
                  0.06    0.00    2.18 ^ clkbuf_5_6_0_clk/A (sky130_fd_sc_hd__clkbuf_8)
                  0.06    0.15    2.33 ^ clkbuf_5_6_0_clk/X (sky130_fd_sc_hd__clkbuf_8)
     2    0.02                           clknet_5_6_0_clk (net)
                  0.06    0.00    2.33 ^ clkbuf_6_13_0_clk/A (sky130_fd_sc_hd__clkbuf_8)
                  0.05    0.14    2.47 ^ clkbuf_6_13_0_clk/X (sky130_fd_sc_hd__clkbuf_8)
     2    0.02                           clknet_6_13_0_clk (net)
                  0.05    0.00    2.47 ^ clkbuf_7_27_0_clk/A (sky130_fd_sc_hd__clkbuf_8)
                  0.20    0.26    2.72 ^ clkbuf_7_27_0_clk/X (sky130_fd_sc_hd__clkbuf_8)
    11    0.12                           clknet_7_27_0_clk (net)
                  0.20    0.00    2.73 ^ clkbuf_leaf_1143_clk/A (sky130_fd_sc_hd__clkbuf_16)
                  0.04    0.18    2.91 ^ clkbuf_leaf_1143_clk/X (sky130_fd_sc_hd__clkbuf_16)
     6    0.02                           clknet_leaf_1143_clk (net)
                  0.04    0.00    2.91 ^ _86022_/CLK (sky130_fd_sc_hd__dfxtp_1)
                          0.25    3.16   clock uncertainty
                         -0.10    3.05   clock reconvergence pessimism
                         -0.03    3.02   library hold time
                                  3.02   data required time
-----------------------------------------------------------------------------
                                  3.02   data required time
                                 -3.13   data arrival time
-----------------------------------------------------------------------------
                                  0.11   slack (MET)


Startpoint: _87143_ (rising edge-triggered flip-flop clocked by clk)
Endpoint: _80373_ (rising edge-triggered flip-flop clocked by clk)
Path Group: clk
Path Type: min

Fanout     Cap    Slew   Delay    Time   Description
-----------------------------------------------------------------------------
                          0.00    0.00   clock clk (rise edge)
                          0.00    0.00   clock source latency
                  0.44    0.29    0.29 ^ clk (in)
     1    0.10                           clk (net)
                  0.44    0.00    0.29 ^ clkbuf_0_clk/A (sky130_fd_sc_hd__clkbuf_16)
                  0.06    0.21    0.50 ^ clkbuf_0_clk/X (sky130_fd_sc_hd__clkbuf_16)
     2    0.02                           clknet_0_clk (net)
                  0.06    0.00    0.51 ^ clkbuf_1_0_0_clk/A (sky130_fd_sc_hd__clkbuf_8)
                  0.04    0.12    0.63 ^ clkbuf_1_0_0_clk/X (sky130_fd_sc_hd__clkbuf_8)
     1    0.01                           clknet_1_0_0_clk (net)
                  0.04    0.00    0.63 ^ clkbuf_1_0_1_clk/A (sky130_fd_sc_hd__clkbuf_8)
                  0.04    0.11    0.74 ^ clkbuf_1_0_1_clk/X (sky130_fd_sc_hd__clkbuf_8)
     1    0.01                           clknet_1_0_1_clk (net)
                  0.04    0.00    0.74 ^ clkbuf_1_0_2_clk/A (sky130_fd_sc_hd__clkbuf_8)
                  0.04    0.11    0.85 ^ clkbuf_1_0_2_clk/X (sky130_fd_sc_hd__clkbuf_8)
     1    0.01                           clknet_1_0_2_clk (net)
                  0.04    0.00    0.85 ^ clkbuf_1_0_3_clk/A (sky130_fd_sc_hd__clkbuf_8)
                  0.06    0.13    0.99 ^ clkbuf_1_0_3_clk/X (sky130_fd_sc_hd__clkbuf_8)
     2    0.02                           clknet_1_0_3_clk (net)
                  0.06    0.00    0.99 ^ clkbuf_2_0_0_clk/A (sky130_fd_sc_hd__clkbuf_8)
                  0.04    0.12    1.11 ^ clkbuf_2_0_0_clk/X (sky130_fd_sc_hd__clkbuf_8)
     1    0.01                           clknet_2_0_0_clk (net)
                  0.04    0.00    1.11 ^ clkbuf_2_0_1_clk/A (sky130_fd_sc_hd__clkbuf_8)
                  0.04    0.11    1.22 ^ clkbuf_2_0_1_clk/X (sky130_fd_sc_hd__clkbuf_8)
     1    0.01                           clknet_2_0_1_clk (net)
                  0.04    0.00    1.22 ^ clkbuf_2_0_2_clk/A (sky130_fd_sc_hd__clkbuf_8)
                  0.03    0.11    1.33 ^ clkbuf_2_0_2_clk/X (sky130_fd_sc_hd__clkbuf_8)
     1    0.01                           clknet_2_0_2_clk (net)
                  0.03    0.00    1.33 ^ clkbuf_2_0_3_clk/A (sky130_fd_sc_hd__clkbuf_8)
                  0.07    0.14    1.47 ^ clkbuf_2_0_3_clk/X (sky130_fd_sc_hd__clkbuf_8)
     2    0.03                           clknet_2_0_3_clk (net)
                  0.07    0.00    1.47 ^ clkbuf_3_1_0_clk/A (sky130_fd_sc_hd__clkbuf_8)
                  0.04    0.12    1.59 ^ clkbuf_3_1_0_clk/X (sky130_fd_sc_hd__clkbuf_8)
     1    0.01                           clknet_3_1_0_clk (net)
                  0.04    0.00    1.59 ^ clkbuf_3_1_1_clk/A (sky130_fd_sc_hd__clkbuf_8)
                  0.06    0.13    1.72 ^ clkbuf_3_1_1_clk/X (sky130_fd_sc_hd__clkbuf_8)
     2    0.02                           clknet_3_1_1_clk (net)
                  0.06    0.00    1.72 ^ clkbuf_4_3_0_clk/A (sky130_fd_sc_hd__clkbuf_8)
                  0.04    0.11    1.84 ^ clkbuf_4_3_0_clk/X (sky130_fd_sc_hd__clkbuf_8)
     1    0.01                           clknet_4_3_0_clk (net)
                  0.04    0.00    1.84 ^ clkbuf_4_3_1_clk/A (sky130_fd_sc_hd__clkbuf_8)
                  0.06    0.13    1.97 ^ clkbuf_4_3_1_clk/X (sky130_fd_sc_hd__clkbuf_8)
     2    0.03                           clknet_4_3_1_clk (net)
                  0.06    0.00    1.97 ^ clkbuf_5_6_0_clk/A (sky130_fd_sc_hd__clkbuf_8)
                  0.06    0.14    2.11 ^ clkbuf_5_6_0_clk/X (sky130_fd_sc_hd__clkbuf_8)
     2    0.02                           clknet_5_6_0_clk (net)
                  0.06    0.00    2.11 ^ clkbuf_6_13_0_clk/A (sky130_fd_sc_hd__clkbuf_8)
                  0.05    0.13    2.23 ^ clkbuf_6_13_0_clk/X (sky130_fd_sc_hd__clkbuf_8)
     2    0.02                           clknet_6_13_0_clk (net)
                  0.05    0.00    2.23 ^ clkbuf_7_27_0_clk/A (sky130_fd_sc_hd__clkbuf_8)
                  0.20    0.23    2.46 ^ clkbuf_7_27_0_clk/X (sky130_fd_sc_hd__clkbuf_8)
    11    0.12                           clknet_7_27_0_clk (net)
                  0.20    0.00    2.47 ^ clkbuf_leaf_1143_clk/A (sky130_fd_sc_hd__clkbuf_16)
                  0.04    0.16    2.63 ^ clkbuf_leaf_1143_clk/X (sky130_fd_sc_hd__clkbuf_16)
     6    0.02                           clknet_leaf_1143_clk (net)
                  0.04    0.00    2.63 ^ _87143_/CLK (sky130_fd_sc_hd__dfxtp_1)
                  0.18    0.38    3.01 ^ _87143_/Q (sky130_fd_sc_hd__dfxtp_1)
     5    0.02                           core_u.front2back_csr_data[36] (net)
                  0.18    0.00    3.01 ^ _46039_/B2 (sky130_fd_sc_hd__a22o_1)
                  0.04    0.14    3.15 ^ _46039_/X (sky130_fd_sc_hd__a22o_1)
     1    0.00                           _00478_ (net)
                  0.04    0.00    3.15 ^ _80373_/D (sky130_fd_sc_hd__dfxtp_1)
                                  3.15   data arrival time

                          0.00    0.00   clock clk (rise edge)
                          0.00    0.00   clock source latency
                  0.44    0.32    0.32 ^ clk (in)
     1    0.10                           clk (net)
                  0.44    0.00    0.32 ^ clkbuf_0_clk/A (sky130_fd_sc_hd__clkbuf_16)
                  0.06    0.24    0.56 ^ clkbuf_0_clk/X (sky130_fd_sc_hd__clkbuf_16)
     2    0.02                           clknet_0_clk (net)
                  0.06    0.00    0.56 ^ clkbuf_1_0_0_clk/A (sky130_fd_sc_hd__clkbuf_8)
                  0.04    0.13    0.69 ^ clkbuf_1_0_0_clk/X (sky130_fd_sc_hd__clkbuf_8)
     1    0.01                           clknet_1_0_0_clk (net)
                  0.04    0.00    0.69 ^ clkbuf_1_0_1_clk/A (sky130_fd_sc_hd__clkbuf_8)
                  0.04    0.13    0.82 ^ clkbuf_1_0_1_clk/X (sky130_fd_sc_hd__clkbuf_8)
     1    0.01                           clknet_1_0_1_clk (net)
                  0.04    0.00    0.82 ^ clkbuf_1_0_2_clk/A (sky130_fd_sc_hd__clkbuf_8)
                  0.04    0.13    0.94 ^ clkbuf_1_0_2_clk/X (sky130_fd_sc_hd__clkbuf_8)
     1    0.01                           clknet_1_0_2_clk (net)
                  0.04    0.00    0.94 ^ clkbuf_1_0_3_clk/A (sky130_fd_sc_hd__clkbuf_8)
                  0.06    0.14    1.09 ^ clkbuf_1_0_3_clk/X (sky130_fd_sc_hd__clkbuf_8)
     2    0.02                           clknet_1_0_3_clk (net)
                  0.06    0.00    1.09 ^ clkbuf_2_1_0_clk/A (sky130_fd_sc_hd__clkbuf_8)
                  0.04    0.13    1.22 ^ clkbuf_2_1_0_clk/X (sky130_fd_sc_hd__clkbuf_8)
     1    0.01                           clknet_2_1_0_clk (net)
                  0.04    0.00    1.22 ^ clkbuf_2_1_1_clk/A (sky130_fd_sc_hd__clkbuf_8)
                  0.04    0.12    1.35 ^ clkbuf_2_1_1_clk/X (sky130_fd_sc_hd__clkbuf_8)
     1    0.01                           clknet_2_1_1_clk (net)
                  0.04    0.00    1.35 ^ clkbuf_2_1_2_clk/A (sky130_fd_sc_hd__clkbuf_8)
                  0.03    0.12    1.47 ^ clkbuf_2_1_2_clk/X (sky130_fd_sc_hd__clkbuf_8)
     1    0.01                           clknet_2_1_2_clk (net)
                  0.03    0.00    1.47 ^ clkbuf_2_1_3_clk/A (sky130_fd_sc_hd__clkbuf_8)
                  0.07    0.15    1.62 ^ clkbuf_2_1_3_clk/X (sky130_fd_sc_hd__clkbuf_8)
     2    0.03                           clknet_2_1_3_clk (net)
                  0.07    0.00    1.62 ^ clkbuf_3_3_0_clk/A (sky130_fd_sc_hd__clkbuf_8)
                  0.04    0.14    1.76 ^ clkbuf_3_3_0_clk/X (sky130_fd_sc_hd__clkbuf_8)
     1    0.01                           clknet_3_3_0_clk (net)
                  0.04    0.00    1.76 ^ clkbuf_3_3_1_clk/A (sky130_fd_sc_hd__clkbuf_8)
                  0.06    0.14    1.90 ^ clkbuf_3_3_1_clk/X (sky130_fd_sc_hd__clkbuf_8)
     2    0.02                           clknet_3_3_1_clk (net)
                  0.06    0.00    1.91 ^ clkbuf_4_6_0_clk/A (sky130_fd_sc_hd__clkbuf_8)
                  0.04    0.13    2.03 ^ clkbuf_4_6_0_clk/X (sky130_fd_sc_hd__clkbuf_8)
     1    0.01                           clknet_4_6_0_clk (net)
                  0.04    0.00    2.03 ^ clkbuf_4_6_1_clk/A (sky130_fd_sc_hd__clkbuf_8)
                  0.06    0.14    2.18 ^ clkbuf_4_6_1_clk/X (sky130_fd_sc_hd__clkbuf_8)
     2    0.03                           clknet_4_6_1_clk (net)
                  0.06    0.00    2.18 ^ clkbuf_5_12_0_clk/A (sky130_fd_sc_hd__clkbuf_8)
                  0.05    0.15    2.33 ^ clkbuf_5_12_0_clk/X (sky130_fd_sc_hd__clkbuf_8)
     2    0.02                           clknet_5_12_0_clk (net)
                  0.05    0.00    2.33 ^ clkbuf_6_24_0_clk/A (sky130_fd_sc_hd__clkbuf_8)
                  0.05    0.14    2.47 ^ clkbuf_6_24_0_clk/X (sky130_fd_sc_hd__clkbuf_8)
     2    0.02                           clknet_6_24_0_clk (net)
                  0.05    0.00    2.47 ^ clkbuf_7_49_0_clk/A (sky130_fd_sc_hd__clkbuf_8)
                  0.09    0.17    2.64 ^ clkbuf_7_49_0_clk/X (sky130_fd_sc_hd__clkbuf_8)
     4    0.05                           clknet_7_49_0_clk (net)
                  0.09    0.00    2.64 ^ clkbuf_opt_6_0_clk/A (sky130_fd_sc_hd__clkbuf_16)
                  0.04    0.14    2.79 ^ clkbuf_opt_6_0_clk/X (sky130_fd_sc_hd__clkbuf_16)
     1    0.02                           clknet_opt_6_0_clk (net)
                  0.04    0.00    2.79 ^ clkbuf_leaf_179_clk/A (sky130_fd_sc_hd__clkbuf_16)
                  0.05    0.14    2.92 ^ clkbuf_leaf_179_clk/X (sky130_fd_sc_hd__clkbuf_16)
     8    0.03                           clknet_leaf_179_clk (net)
                  0.05    0.00    2.92 ^ _80373_/CLK (sky130_fd_sc_hd__dfxtp_1)
                          0.25    3.17   clock uncertainty
                         -0.10    3.07   clock reconvergence pessimism
                         -0.03    3.04   library hold time
                                  3.04   data required time
-----------------------------------------------------------------------------
                                  3.04   data required time
                                 -3.15   data arrival time
-----------------------------------------------------------------------------
                                  0.12   slack (MET)


