
===========================================================================
report_checks -unconstrained
============================================================================
Startpoint: _92737_ (rising edge-triggered flip-flop clocked by clk)
Endpoint: m3_wbd_stb_o (output port clocked by clk)
Path Group: clk
Path Type: max

Fanout     Cap    Slew   Delay    Time   Description
-----------------------------------------------------------------------------
                          0.00    0.00   clock clk (rise edge)
                          0.00    0.00   clock source latency
                121.11   95.24   95.24 ^ clk (in)
  9149   28.42                           clk (net)
                125.68    0.00   95.24 ^ _92737_/CLK (sky130_fd_sc_hd__dfxtp_4)
                  0.35   13.25  108.49 ^ _92737_/Q (sky130_fd_sc_hd__dfxtp_4)
     3    0.11                           l1icache_u.refill_hsk (net)
                  0.35    0.06  108.55 ^ _43353_/A (sky130_fd_sc_hd__buf_8)
                  0.09    0.20  108.75 ^ _43353_/X (sky130_fd_sc_hd__buf_8)
     6    0.05                           _09772_ (net)
                  0.09    0.00  108.75 ^ _43354_/A (sky130_fd_sc_hd__buf_12)
                  0.07    0.14  108.89 ^ _43354_/X (sky130_fd_sc_hd__buf_12)
     7    0.06                           _09773_ (net)
                  0.07    0.00  108.90 ^ _43355_/A_N (sky130_fd_sc_hd__and2b_2)
                  0.05    0.24  109.13 v _43355_/X (sky130_fd_sc_hd__and2b_2)
     1    0.01                           _09774_ (net)
                  0.05    0.00  109.13 v _43356_/A (sky130_fd_sc_hd__buf_6)
                  0.30    0.27  109.41 v _43356_/X (sky130_fd_sc_hd__buf_6)
     7    0.05                           m3_wbd_bl_o[0] (net)
                  0.36    0.11  109.51 v _94483_/A (sky130_fd_sc_hd__buf_6)
                  0.05    0.26  109.77 v _94483_/X (sky130_fd_sc_hd__buf_6)
     1    0.03                           m3_wbd_stb_o (net)
                  0.05    0.00  109.77 v m3_wbd_stb_o (out)
                                109.77   data arrival time

                         12.50   12.50   clock clk (rise edge)
                          0.00   12.50   clock network delay (propagated)
                         -0.25   12.25   clock uncertainty
                          0.00   12.25   clock reconvergence pessimism
                         -2.50    9.75   output external delay
                                  9.75   data required time
-----------------------------------------------------------------------------
                                  9.75   data required time
                               -109.77   data arrival time
-----------------------------------------------------------------------------
                               -100.02   slack (VIOLATED)



===========================================================================
report_checks --slack_max -0.01
============================================================================
Startpoint: _92737_ (rising edge-triggered flip-flop clocked by clk)
Endpoint: m3_wbd_stb_o (output port clocked by clk)
Path Group: clk
Path Type: max

Fanout     Cap    Slew   Delay    Time   Description
-----------------------------------------------------------------------------
                          0.00    0.00   clock clk (rise edge)
                          0.00    0.00   clock source latency
                121.11   95.24   95.24 ^ clk (in)
  9149   28.42                           clk (net)
                125.68    0.00   95.24 ^ _92737_/CLK (sky130_fd_sc_hd__dfxtp_4)
                  0.35   13.25  108.49 ^ _92737_/Q (sky130_fd_sc_hd__dfxtp_4)
     3    0.11                           l1icache_u.refill_hsk (net)
                  0.35    0.06  108.55 ^ _43353_/A (sky130_fd_sc_hd__buf_8)
                  0.09    0.20  108.75 ^ _43353_/X (sky130_fd_sc_hd__buf_8)
     6    0.05                           _09772_ (net)
                  0.09    0.00  108.75 ^ _43354_/A (sky130_fd_sc_hd__buf_12)
                  0.07    0.14  108.89 ^ _43354_/X (sky130_fd_sc_hd__buf_12)
     7    0.06                           _09773_ (net)
                  0.07    0.00  108.90 ^ _43355_/A_N (sky130_fd_sc_hd__and2b_2)
                  0.05    0.24  109.13 v _43355_/X (sky130_fd_sc_hd__and2b_2)
     1    0.01                           _09774_ (net)
                  0.05    0.00  109.13 v _43356_/A (sky130_fd_sc_hd__buf_6)
                  0.30    0.27  109.41 v _43356_/X (sky130_fd_sc_hd__buf_6)
     7    0.05                           m3_wbd_bl_o[0] (net)
                  0.36    0.11  109.51 v _94483_/A (sky130_fd_sc_hd__buf_6)
                  0.05    0.26  109.77 v _94483_/X (sky130_fd_sc_hd__buf_6)
     1    0.03                           m3_wbd_stb_o (net)
                  0.05    0.00  109.77 v m3_wbd_stb_o (out)
                                109.77   data arrival time

                         12.50   12.50   clock clk (rise edge)
                          0.00   12.50   clock network delay (propagated)
                         -0.25   12.25   clock uncertainty
                          0.00   12.25   clock reconvergence pessimism
                         -2.50    9.75   output external delay
                                  9.75   data required time
-----------------------------------------------------------------------------
                                  9.75   data required time
                               -109.77   data arrival time
-----------------------------------------------------------------------------
                               -100.02   slack (VIOLATED)


