
===========================================================================
report_checks -unconstrained
============================================================================
Startpoint: _86559_ (rising edge-triggered flip-flop clocked by clk)
Endpoint: _84676_ (rising edge-triggered flip-flop clocked by clk)
Path Group: clk
Path Type: max

Fanout     Cap    Slew   Delay    Time   Description
-----------------------------------------------------------------------------
                  0.15    0.00    0.00   clock clk (rise edge)
                          0.00    0.00   clock network delay (ideal)
                  0.15    0.00    0.00 ^ _86559_/CLK (sky130_fd_sc_hd__dfxtp_2)
                  0.03    0.36    0.36 ^ _86559_/Q (sky130_fd_sc_hd__dfxtp_2)
     1    0.00                           _00027_ (net)
                  0.03    0.00    0.36 ^ _40754_/A (sky130_fd_sc_hd__buf_1)
                  1.31    0.99    1.35 ^ _40754_/X (sky130_fd_sc_hd__buf_1)
    19    0.12                           _09766_ (net)
                  1.31    0.00    1.35 ^ _40806_/S1 (sky130_fd_sc_hd__mux4_2)
                  0.24    0.58    1.93 ^ _40806_/X (sky130_fd_sc_hd__mux4_2)
     1    0.04                           _09818_ (net)
                  0.24    0.01    1.94 ^ _40807_/A (sky130_fd_sc_hd__buf_1)
                  0.93    0.75    2.69 ^ _40807_/X (sky130_fd_sc_hd__buf_1)
    12    0.08                           _09819_ (net)
                  0.93    0.02    2.71 ^ _40808_/A (sky130_fd_sc_hd__buf_1)
                  1.50    1.20    3.91 ^ _40808_/X (sky130_fd_sc_hd__buf_1)
    20    0.13                           _09820_ (net)
                  1.50    0.00    3.91 ^ _40809_/A (sky130_fd_sc_hd__buf_1)
                  2.46    1.89    5.80 ^ _40809_/X (sky130_fd_sc_hd__buf_1)
    20    0.22                           _09821_ (net)
                  2.46    0.04    5.85 ^ _40810_/A (sky130_fd_sc_hd__buf_1)
                  2.74    2.11    7.96 ^ _40810_/X (sky130_fd_sc_hd__buf_1)
    20    0.24                           _09822_ (net)
                  2.74    0.02    7.98 ^ _40811_/A (sky130_fd_sc_hd__buf_1)
                  2.67    2.07   10.05 ^ _40811_/X (sky130_fd_sc_hd__buf_1)
    20    0.24                           _09823_ (net)
                  2.67    0.03   10.08 ^ _40812_/A (sky130_fd_sc_hd__buf_1)
                  2.30    1.80   11.88 ^ _40812_/X (sky130_fd_sc_hd__buf_1)
    20    0.21                           _09824_ (net)
                  2.30    0.06   11.95 ^ _40813_/A (sky130_fd_sc_hd__buf_1)
                  1.81    1.44   13.39 ^ _40813_/X (sky130_fd_sc_hd__buf_1)
    20    0.16                           _09825_ (net)
                  1.81    0.03   13.42 ^ _40814_/A (sky130_fd_sc_hd__buf_1)
                  1.77    1.41   14.82 ^ _40814_/X (sky130_fd_sc_hd__buf_1)
    20    0.16                           _09826_ (net)
                  1.77    0.01   14.84 ^ _40815_/A (sky130_fd_sc_hd__buf_1)
                  1.41    1.15   15.98 ^ _40815_/X (sky130_fd_sc_hd__buf_1)
    20    0.12                           _09827_ (net)
                  1.41    0.01   15.99 ^ _40816_/A (sky130_fd_sc_hd__buf_1)
                  1.99    1.55   17.54 ^ _40816_/X (sky130_fd_sc_hd__buf_1)
    20    0.18                           _09828_ (net)
                  1.99    0.02   17.56 ^ _40817_/A (sky130_fd_sc_hd__buf_1)
                  2.08    1.63   19.19 ^ _40817_/X (sky130_fd_sc_hd__buf_1)
    20    0.18                           _09829_ (net)
                  2.08    0.04   19.23 ^ _40818_/A (sky130_fd_sc_hd__buf_1)
                  1.86    1.48   20.70 ^ _40818_/X (sky130_fd_sc_hd__buf_1)
    20    0.16                           _09830_ (net)
                  1.86    0.02   20.72 ^ _40819_/A (sky130_fd_sc_hd__buf_1)
                  1.30    1.07   21.79 ^ _40819_/X (sky130_fd_sc_hd__buf_1)
    20    0.12                           _09831_ (net)
                  1.31    0.04   21.83 ^ _41112_/S (sky130_fd_sc_hd__mux2_2)
                  0.06    0.33   22.16 ^ _41112_/X (sky130_fd_sc_hd__mux2_2)
     1    0.00                           _10124_ (net)
                  0.06    0.00   22.16 ^ _41117_/A2 (sky130_fd_sc_hd__a221o_2)
                  0.07    0.16   22.31 ^ _41117_/X (sky130_fd_sc_hd__a221o_2)
     1    0.00                           _10129_ (net)
                  0.07    0.00   22.31 ^ _41118_/B1 (sky130_fd_sc_hd__o311a_2)
                  0.08    0.20   22.52 ^ _41118_/X (sky130_fd_sc_hd__o311a_2)
     1    0.01                           _10130_ (net)
                  0.08    0.00   22.52 ^ _41127_/B1 (sky130_fd_sc_hd__a311o_2)
                  0.11    0.13   22.65 ^ _41127_/X (sky130_fd_sc_hd__a311o_2)
     1    0.01                           _10139_ (net)
                  0.11    0.00   22.65 ^ _41167_/C (sky130_fd_sc_hd__and4_2)
                  0.24    0.42   23.07 ^ _41167_/X (sky130_fd_sc_hd__and4_2)
     2    0.04                           _10179_ (net)
                  0.24    0.01   23.08 ^ _41168_/C_N (sky130_fd_sc_hd__or3b_2)
                  0.08    0.48   23.56 v _41168_/X (sky130_fd_sc_hd__or3b_2)
     1    0.00                           _10180_ (net)
                  0.08    0.00   23.56 v _41169_/B (sky130_fd_sc_hd__or3b_2)
                  0.09    0.48   24.04 v _41169_/X (sky130_fd_sc_hd__or3b_2)
     2    0.01                           _10181_ (net)
                  0.09    0.00   24.04 v _42446_/B (sky130_fd_sc_hd__or2_2)
                  0.16    0.43   24.46 v _42446_/X (sky130_fd_sc_hd__or2_2)
     2    0.04                           _11196_ (net)
                  0.16    0.01   24.47 v _42447_/B (sky130_fd_sc_hd__or2_2)
                  0.10    0.38   24.86 v _42447_/X (sky130_fd_sc_hd__or2_2)
     4    0.02                           _11197_ (net)
                  0.10    0.00   24.86 v _42448_/B (sky130_fd_sc_hd__nor2_2)
                  0.19    0.19   25.04 ^ _42448_/Y (sky130_fd_sc_hd__nor2_2)
     5    0.02                           _11198_ (net)
                  0.19    0.00   25.04 ^ _56735_/B (sky130_fd_sc_hd__and2_2)
                  0.06    0.17   25.21 ^ _56735_/X (sky130_fd_sc_hd__and2_2)
     1    0.00                           _20818_ (net)
                  0.06    0.00   25.21 ^ _56736_/A (sky130_fd_sc_hd__buf_1)
                  2.10    1.55   26.77 ^ _56736_/X (sky130_fd_sc_hd__buf_1)
     8    0.19                           _20819_ (net)
                  2.10    0.00   26.77 ^ _56743_/A (sky130_fd_sc_hd__buf_1)
                  1.68    1.34   28.11 ^ _56743_/X (sky130_fd_sc_hd__buf_1)
    18    0.15                           _20823_ (net)
                  1.68    0.02   28.13 ^ _56748_/A1 (sky130_fd_sc_hd__a22o_2)
                  0.06    0.38   28.50 ^ _56748_/X (sky130_fd_sc_hd__a22o_2)
     1    0.00                           _04781_ (net)
                  0.06    0.00   28.50 ^ _84676_/D (sky130_fd_sc_hd__dfxtp_2)
                                 28.50   data arrival time

                  0.15   12.50   12.50   clock clk (rise edge)
                          0.00   12.50   clock network delay (ideal)
                         -0.25   12.25   clock uncertainty
                          0.00   12.25   clock reconvergence pessimism
                                 12.25 ^ _84676_/CLK (sky130_fd_sc_hd__dfxtp_2)
                         -0.05   12.20   library setup time
                                 12.20   data required time
-----------------------------------------------------------------------------
                                 12.20   data required time
                                -28.50   data arrival time
-----------------------------------------------------------------------------
                                -16.30   slack (VIOLATED)



===========================================================================
report_checks --slack_max -0.01
============================================================================
Startpoint: _86559_ (rising edge-triggered flip-flop clocked by clk)
Endpoint: _84676_ (rising edge-triggered flip-flop clocked by clk)
Path Group: clk
Path Type: max

Fanout     Cap    Slew   Delay    Time   Description
-----------------------------------------------------------------------------
                  0.15    0.00    0.00   clock clk (rise edge)
                          0.00    0.00   clock network delay (ideal)
                  0.15    0.00    0.00 ^ _86559_/CLK (sky130_fd_sc_hd__dfxtp_2)
                  0.03    0.36    0.36 ^ _86559_/Q (sky130_fd_sc_hd__dfxtp_2)
     1    0.00                           _00027_ (net)
                  0.03    0.00    0.36 ^ _40754_/A (sky130_fd_sc_hd__buf_1)
                  1.31    0.99    1.35 ^ _40754_/X (sky130_fd_sc_hd__buf_1)
    19    0.12                           _09766_ (net)
                  1.31    0.00    1.35 ^ _40806_/S1 (sky130_fd_sc_hd__mux4_2)
                  0.24    0.58    1.93 ^ _40806_/X (sky130_fd_sc_hd__mux4_2)
     1    0.04                           _09818_ (net)
                  0.24    0.01    1.94 ^ _40807_/A (sky130_fd_sc_hd__buf_1)
                  0.93    0.75    2.69 ^ _40807_/X (sky130_fd_sc_hd__buf_1)
    12    0.08                           _09819_ (net)
                  0.93    0.02    2.71 ^ _40808_/A (sky130_fd_sc_hd__buf_1)
                  1.50    1.20    3.91 ^ _40808_/X (sky130_fd_sc_hd__buf_1)
    20    0.13                           _09820_ (net)
                  1.50    0.00    3.91 ^ _40809_/A (sky130_fd_sc_hd__buf_1)
                  2.46    1.89    5.80 ^ _40809_/X (sky130_fd_sc_hd__buf_1)
    20    0.22                           _09821_ (net)
                  2.46    0.04    5.85 ^ _40810_/A (sky130_fd_sc_hd__buf_1)
                  2.74    2.11    7.96 ^ _40810_/X (sky130_fd_sc_hd__buf_1)
    20    0.24                           _09822_ (net)
                  2.74    0.02    7.98 ^ _40811_/A (sky130_fd_sc_hd__buf_1)
                  2.67    2.07   10.05 ^ _40811_/X (sky130_fd_sc_hd__buf_1)
    20    0.24                           _09823_ (net)
                  2.67    0.03   10.08 ^ _40812_/A (sky130_fd_sc_hd__buf_1)
                  2.30    1.80   11.88 ^ _40812_/X (sky130_fd_sc_hd__buf_1)
    20    0.21                           _09824_ (net)
                  2.30    0.06   11.95 ^ _40813_/A (sky130_fd_sc_hd__buf_1)
                  1.81    1.44   13.39 ^ _40813_/X (sky130_fd_sc_hd__buf_1)
    20    0.16                           _09825_ (net)
                  1.81    0.03   13.42 ^ _40814_/A (sky130_fd_sc_hd__buf_1)
                  1.77    1.41   14.82 ^ _40814_/X (sky130_fd_sc_hd__buf_1)
    20    0.16                           _09826_ (net)
                  1.77    0.01   14.84 ^ _40815_/A (sky130_fd_sc_hd__buf_1)
                  1.41    1.15   15.98 ^ _40815_/X (sky130_fd_sc_hd__buf_1)
    20    0.12                           _09827_ (net)
                  1.41    0.01   15.99 ^ _40816_/A (sky130_fd_sc_hd__buf_1)
                  1.99    1.55   17.54 ^ _40816_/X (sky130_fd_sc_hd__buf_1)
    20    0.18                           _09828_ (net)
                  1.99    0.02   17.56 ^ _40817_/A (sky130_fd_sc_hd__buf_1)
                  2.08    1.63   19.19 ^ _40817_/X (sky130_fd_sc_hd__buf_1)
    20    0.18                           _09829_ (net)
                  2.08    0.04   19.23 ^ _40818_/A (sky130_fd_sc_hd__buf_1)
                  1.86    1.48   20.70 ^ _40818_/X (sky130_fd_sc_hd__buf_1)
    20    0.16                           _09830_ (net)
                  1.86    0.02   20.72 ^ _40819_/A (sky130_fd_sc_hd__buf_1)
                  1.30    1.07   21.79 ^ _40819_/X (sky130_fd_sc_hd__buf_1)
    20    0.12                           _09831_ (net)
                  1.31    0.04   21.83 ^ _41112_/S (sky130_fd_sc_hd__mux2_2)
                  0.06    0.33   22.16 ^ _41112_/X (sky130_fd_sc_hd__mux2_2)
     1    0.00                           _10124_ (net)
                  0.06    0.00   22.16 ^ _41117_/A2 (sky130_fd_sc_hd__a221o_2)
                  0.07    0.16   22.31 ^ _41117_/X (sky130_fd_sc_hd__a221o_2)
     1    0.00                           _10129_ (net)
                  0.07    0.00   22.31 ^ _41118_/B1 (sky130_fd_sc_hd__o311a_2)
                  0.08    0.20   22.52 ^ _41118_/X (sky130_fd_sc_hd__o311a_2)
     1    0.01                           _10130_ (net)
                  0.08    0.00   22.52 ^ _41127_/B1 (sky130_fd_sc_hd__a311o_2)
                  0.11    0.13   22.65 ^ _41127_/X (sky130_fd_sc_hd__a311o_2)
     1    0.01                           _10139_ (net)
                  0.11    0.00   22.65 ^ _41167_/C (sky130_fd_sc_hd__and4_2)
                  0.24    0.42   23.07 ^ _41167_/X (sky130_fd_sc_hd__and4_2)
     2    0.04                           _10179_ (net)
                  0.24    0.01   23.08 ^ _41168_/C_N (sky130_fd_sc_hd__or3b_2)
                  0.08    0.48   23.56 v _41168_/X (sky130_fd_sc_hd__or3b_2)
     1    0.00                           _10180_ (net)
                  0.08    0.00   23.56 v _41169_/B (sky130_fd_sc_hd__or3b_2)
                  0.09    0.48   24.04 v _41169_/X (sky130_fd_sc_hd__or3b_2)
     2    0.01                           _10181_ (net)
                  0.09    0.00   24.04 v _42446_/B (sky130_fd_sc_hd__or2_2)
                  0.16    0.43   24.46 v _42446_/X (sky130_fd_sc_hd__or2_2)
     2    0.04                           _11196_ (net)
                  0.16    0.01   24.47 v _42447_/B (sky130_fd_sc_hd__or2_2)
                  0.10    0.38   24.86 v _42447_/X (sky130_fd_sc_hd__or2_2)
     4    0.02                           _11197_ (net)
                  0.10    0.00   24.86 v _42448_/B (sky130_fd_sc_hd__nor2_2)
                  0.19    0.19   25.04 ^ _42448_/Y (sky130_fd_sc_hd__nor2_2)
     5    0.02                           _11198_ (net)
                  0.19    0.00   25.04 ^ _56735_/B (sky130_fd_sc_hd__and2_2)
                  0.06    0.17   25.21 ^ _56735_/X (sky130_fd_sc_hd__and2_2)
     1    0.00                           _20818_ (net)
                  0.06    0.00   25.21 ^ _56736_/A (sky130_fd_sc_hd__buf_1)
                  2.10    1.55   26.77 ^ _56736_/X (sky130_fd_sc_hd__buf_1)
     8    0.19                           _20819_ (net)
                  2.10    0.00   26.77 ^ _56743_/A (sky130_fd_sc_hd__buf_1)
                  1.68    1.34   28.11 ^ _56743_/X (sky130_fd_sc_hd__buf_1)
    18    0.15                           _20823_ (net)
                  1.68    0.02   28.13 ^ _56748_/A1 (sky130_fd_sc_hd__a22o_2)
                  0.06    0.38   28.50 ^ _56748_/X (sky130_fd_sc_hd__a22o_2)
     1    0.00                           _04781_ (net)
                  0.06    0.00   28.50 ^ _84676_/D (sky130_fd_sc_hd__dfxtp_2)
                                 28.50   data arrival time

                  0.15   12.50   12.50   clock clk (rise edge)
                          0.00   12.50   clock network delay (ideal)
                         -0.25   12.25   clock uncertainty
                          0.00   12.25   clock reconvergence pessimism
                                 12.25 ^ _84676_/CLK (sky130_fd_sc_hd__dfxtp_2)
                         -0.05   12.20   library setup time
                                 12.20   data required time
-----------------------------------------------------------------------------
                                 12.20   data required time
                                -28.50   data arrival time
-----------------------------------------------------------------------------
                                -16.30   slack (VIOLATED)


